[2024-01-02T10:34:11.054+0900][gc,heap] Heap region size: 1M
[2024-01-02T10:34:11.062+0900][gc     ] Using G1
[2024-01-02T10:34:11.062+0900][gc,heap,coops] Heap address: 0x00000000c0000000, size: 1024 MB, Compressed Oops mode: 32-bit
[2024-01-02T10:34:11.063+0900][gc,cds       ] Mark closed archive regions in map: [0x00000000fff00000, 0x00000000fff6bff8]
[2024-01-02T10:34:11.063+0900][gc,cds       ] Mark open archive regions in map: [0x00000000ffe00000, 0x00000000ffe47ff8]
[2024-01-02T10:34:12.066+0900][gc,start     ] GC(0) Pause Young (Normal) (G1 Evacuation Pause)
[2024-01-02T10:34:12.067+0900][gc,task      ] GC(0) Using 8 workers of 8 for evacuation
[2024-01-02T10:34:12.080+0900][gc,phases    ] GC(0)   Pre Evacuate Collection Set: 0.0ms
[2024-01-02T10:34:12.080+0900][gc,phases    ] GC(0)   Evacuate Collection Set: 12.0ms
[2024-01-02T10:34:12.080+0900][gc,phases    ] GC(0)   Post Evacuate Collection Set: 0.9ms
[2024-01-02T10:34:12.080+0900][gc,phases    ] GC(0)   Other: 1.7ms
[2024-01-02T10:34:12.080+0900][gc,heap      ] GC(0) Eden regions: 51->0(44)
[2024-01-02T10:34:12.080+0900][gc,heap      ] GC(0) Survivor regions: 0->7(7)
[2024-01-02T10:34:12.080+0900][gc,heap      ] GC(0) Old regions: 2->2
[2024-01-02T10:34:12.080+0900][gc,heap      ] GC(0) Humongous regions: 0->0
[2024-01-02T10:34:12.080+0900][gc,metaspace ] GC(0) Metaspace: 15974K(16768K)->15974K(16768K) NonClass: 14030K(14592K)->14030K(14592K) Class: 1944K(2176K)->1944K(2176K)
[2024-01-02T10:34:12.080+0900][gc           ] GC(0) Pause Young (Normal) (G1 Evacuation Pause) 51M->7M(1024M) 14.779ms
[2024-01-02T10:34:12.080+0900][gc,cpu       ] GC(0) User=0.09s Sys=0.01s Real=0.01s
[2024-01-02T10:34:12.350+0900][gc,start     ] GC(1) Pause Young (Concurrent Start) (Metadata GC Threshold)
[2024-01-02T10:34:12.350+0900][gc,task      ] GC(1) Using 8 workers of 8 for evacuation
[2024-01-02T10:34:12.362+0900][gc,phases    ] GC(1)   Pre Evacuate Collection Set: 0.1ms
[2024-01-02T10:34:12.362+0900][gc,phases    ] GC(1)   Evacuate Collection Set: 10.6ms
[2024-01-02T10:34:12.362+0900][gc,phases    ] GC(1)   Post Evacuate Collection Set: 0.8ms
[2024-01-02T10:34:12.362+0900][gc,phases    ] GC(1)   Other: 0.3ms
[2024-01-02T10:34:12.362+0900][gc,heap      ] GC(1) Eden regions: 20->0(50)
[2024-01-02T10:34:12.362+0900][gc,heap      ] GC(1) Survivor regions: 7->1(7)
[2024-01-02T10:34:12.362+0900][gc,heap      ] GC(1) Old regions: 2->9
[2024-01-02T10:34:12.362+0900][gc,heap      ] GC(1) Humongous regions: 0->0
[2024-01-02T10:34:12.362+0900][gc,metaspace ] GC(1) Metaspace: 20519K(21248K)->20519K(21248K) NonClass: 17997K(18432K)->17997K(18432K) Class: 2522K(2816K)->2522K(2816K)
[2024-01-02T10:34:12.362+0900][gc           ] GC(1) Pause Young (Concurrent Start) (Metadata GC Threshold) 27M->8M(1024M) 12.025ms
[2024-01-02T10:34:12.362+0900][gc,cpu       ] GC(1) User=0.03s Sys=0.02s Real=0.01s
[2024-01-02T10:34:12.362+0900][gc           ] GC(2) Concurrent Cycle
[2024-01-02T10:34:12.362+0900][gc,marking   ] GC(2) Concurrent Clear Claimed Marks
[2024-01-02T10:34:12.363+0900][gc,marking   ] GC(2) Concurrent Clear Claimed Marks 0.061ms
[2024-01-02T10:34:12.363+0900][gc,marking   ] GC(2) Concurrent Scan Root Regions
[2024-01-02T10:34:12.364+0900][gc,marking   ] GC(2) Concurrent Scan Root Regions 1.477ms
[2024-01-02T10:34:12.364+0900][gc,marking   ] GC(2) Concurrent Mark (1.313s)
[2024-01-02T10:34:12.364+0900][gc,marking   ] GC(2) Concurrent Mark From Roots
[2024-01-02T10:34:12.366+0900][gc,task      ] GC(2) Using 2 workers of 2 for marking
[2024-01-02T10:34:12.375+0900][gc,marking   ] GC(2) Concurrent Mark From Roots 11.055ms
[2024-01-02T10:34:12.375+0900][gc,marking   ] GC(2) Concurrent Preclean
[2024-01-02T10:34:12.375+0900][gc,marking   ] GC(2) Concurrent Preclean 0.195ms
[2024-01-02T10:34:12.376+0900][gc,marking   ] GC(2) Concurrent Mark (1.313s, 1.324s) 11.419ms
[2024-01-02T10:34:12.402+0900][gc,start     ] GC(2) Pause Remark
[2024-01-02T10:34:12.404+0900][gc,stringtable] GC(2) Cleaned string and symbol table, strings: 5406 processed, 0 removed, symbols: 50491 processed, 45 removed
[2024-01-02T10:34:12.404+0900][gc            ] GC(2) Pause Remark 137M->137M(1024M) 2.452ms
[2024-01-02T10:34:12.404+0900][gc,cpu        ] GC(2) User=0.01s Sys=0.00s Real=0.00s
[2024-01-02T10:34:12.404+0900][gc,marking    ] GC(2) Concurrent Rebuild Remembered Sets
[2024-01-02T10:34:12.407+0900][gc,marking    ] GC(2) Concurrent Rebuild Remembered Sets 2.696ms
[2024-01-02T10:34:12.408+0900][gc,start      ] GC(2) Pause Cleanup
[2024-01-02T10:34:12.408+0900][gc            ] GC(2) Pause Cleanup 137M->137M(1024M) 0.333ms
[2024-01-02T10:34:12.408+0900][gc,cpu        ] GC(2) User=0.00s Sys=0.00s Real=0.00s
[2024-01-02T10:34:12.408+0900][gc,marking    ] GC(2) Concurrent Cleanup for Next Mark
[2024-01-02T10:34:12.418+0900][gc,marking    ] GC(2) Concurrent Cleanup for Next Mark 9.692ms
[2024-01-02T10:34:12.418+0900][gc            ] GC(2) Concurrent Cycle 55.300ms
[2024-01-02T10:34:13.082+0900][gc,start      ] GC(3) Pause Young (Normal) (G1 Evacuation Pause)
[2024-01-02T10:34:13.082+0900][gc,task       ] GC(3) Using 8 workers of 8 for evacuation
[2024-01-02T10:34:13.090+0900][gc,phases     ] GC(3)   Pre Evacuate Collection Set: 0.0ms
[2024-01-02T10:34:13.090+0900][gc,phases     ] GC(3)   Evacuate Collection Set: 6.7ms
[2024-01-02T10:34:13.090+0900][gc,phases     ] GC(3)   Post Evacuate Collection Set: 0.7ms
[2024-01-02T10:34:13.090+0900][gc,phases     ] GC(3)   Other: 0.3ms
[2024-01-02T10:34:13.090+0900][gc,heap       ] GC(3) Eden regions: 50->0(45)
[2024-01-02T10:34:13.090+0900][gc,heap       ] GC(3) Survivor regions: 1->6(7)
[2024-01-02T10:34:13.090+0900][gc,heap       ] GC(3) Old regions: 9->9
[2024-01-02T10:34:13.090+0900][gc,heap       ] GC(3) Humongous regions: 129->129
[2024-01-02T10:34:13.090+0900][gc,metaspace  ] GC(3) Metaspace: 30078K(31488K)->30078K(31488K) NonClass: 26508K(27392K)->26508K(27392K) Class: 3569K(4096K)->3569K(4096K)
[2024-01-02T10:34:13.090+0900][gc            ] GC(3) Pause Young (Normal) (G1 Evacuation Pause) 187M->141M(1024M) 7.889ms
[2024-01-02T10:34:13.090+0900][gc,cpu        ] GC(3) User=0.04s Sys=0.00s Real=0.01s
[2024-01-02T10:34:19.494+0900][gc,start      ] GC(4) Pause Young (Concurrent Start) (Metadata GC Threshold)
[2024-01-02T10:34:19.494+0900][gc,task       ] GC(4) Using 8 workers of 8 for evacuation
[2024-01-02T10:34:19.503+0900][gc,phases     ] GC(4)   Pre Evacuate Collection Set: 0.1ms
[2024-01-02T10:34:19.503+0900][gc,phases     ] GC(4)   Evacuate Collection Set: 8.0ms
[2024-01-02T10:34:19.503+0900][gc,phases     ] GC(4)   Post Evacuate Collection Set: 0.8ms
[2024-01-02T10:34:19.503+0900][gc,phases     ] GC(4)   Other: 0.4ms
[2024-01-02T10:34:19.503+0900][gc,heap       ] GC(4) Eden regions: 19->0(49)
[2024-01-02T10:34:19.503+0900][gc,heap       ] GC(4) Survivor regions: 6->2(7)
[2024-01-02T10:34:19.503+0900][gc,heap       ] GC(4) Old regions: 9->14
[2024-01-02T10:34:19.503+0900][gc,heap       ] GC(4) Humongous regions: 129->129
[2024-01-02T10:34:19.503+0900][gc,metaspace  ] GC(4) Metaspace: 34132K(35840K)->34132K(35840K) NonClass: 29882K(30720K)->29882K(30720K) Class: 4250K(5120K)->4250K(5120K)
[2024-01-02T10:34:19.503+0900][gc            ] GC(4) Pause Young (Concurrent Start) (Metadata GC Threshold) 160M->142M(1024M) 9.383ms
[2024-01-02T10:34:19.503+0900][gc,cpu        ] GC(4) User=0.01s Sys=0.04s Real=0.01s
[2024-01-02T10:34:19.503+0900][gc            ] GC(5) Concurrent Cycle
[2024-01-02T10:34:19.504+0900][gc,marking    ] GC(5) Concurrent Clear Claimed Marks
[2024-01-02T10:34:19.504+0900][gc,marking    ] GC(5) Concurrent Clear Claimed Marks 0.126ms
[2024-01-02T10:34:19.504+0900][gc,marking    ] GC(5) Concurrent Scan Root Regions
[2024-01-02T10:34:19.505+0900][gc,marking    ] GC(5) Concurrent Scan Root Regions 0.987ms
[2024-01-02T10:34:19.505+0900][gc,marking    ] GC(5) Concurrent Mark (8.453s)
[2024-01-02T10:34:19.505+0900][gc,marking    ] GC(5) Concurrent Mark From Roots
[2024-01-02T10:34:19.505+0900][gc,task       ] GC(5) Using 2 workers of 2 for marking
[2024-01-02T10:34:19.516+0900][gc,marking    ] GC(5) Concurrent Mark From Roots 11.352ms
[2024-01-02T10:34:19.516+0900][gc,marking    ] GC(5) Concurrent Preclean
[2024-01-02T10:34:19.516+0900][gc,marking    ] GC(5) Concurrent Preclean 0.210ms
[2024-01-02T10:34:19.516+0900][gc,marking    ] GC(5) Concurrent Mark (8.453s, 8.465s) 11.680ms
[2024-01-02T10:34:19.517+0900][gc,start      ] GC(5) Pause Remark
[2024-01-02T10:34:19.519+0900][gc,stringtable] GC(5) Cleaned string and symbol table, strings: 10751 processed, 7 removed, symbols: 79378 processed, 20 removed
[2024-01-02T10:34:19.520+0900][gc            ] GC(5) Pause Remark 143M->143M(1024M) 2.905ms
[2024-01-02T10:34:19.520+0900][gc,cpu        ] GC(5) User=0.01s Sys=0.00s Real=0.00s
[2024-01-02T10:34:19.520+0900][gc,marking    ] GC(5) Concurrent Rebuild Remembered Sets
[2024-01-02T10:34:19.527+0900][gc,marking    ] GC(5) Concurrent Rebuild Remembered Sets 7.414ms
[2024-01-02T10:34:19.528+0900][gc,start      ] GC(5) Pause Cleanup
[2024-01-02T10:34:19.528+0900][gc            ] GC(5) Pause Cleanup 143M->143M(1024M) 0.413ms
[2024-01-02T10:34:19.528+0900][gc,cpu        ] GC(5) User=0.00s Sys=0.00s Real=0.00s
[2024-01-02T10:34:19.528+0900][gc,marking    ] GC(5) Concurrent Cleanup for Next Mark
[2024-01-02T10:34:19.532+0900][gc,marking    ] GC(5) Concurrent Cleanup for Next Mark 4.092ms
[2024-01-02T10:34:19.533+0900][gc            ] GC(5) Concurrent Cycle 29.182ms
[2024-01-02T10:35:24.582+0900][gc,start      ] GC(6) Pause Young (Normal) (G1 Evacuation Pause)
[2024-01-02T10:35:24.582+0900][gc,task       ] GC(6) Using 8 workers of 8 for evacuation
[2024-01-02T10:35:24.588+0900][gc,phases     ] GC(6)   Pre Evacuate Collection Set: 0.1ms
[2024-01-02T10:35:24.588+0900][gc,phases     ] GC(6)   Evacuate Collection Set: 4.5ms
[2024-01-02T10:35:24.588+0900][gc,phases     ] GC(6)   Post Evacuate Collection Set: 1.2ms
[2024-01-02T10:35:24.588+0900][gc,phases     ] GC(6)   Other: 0.4ms
[2024-01-02T10:35:24.588+0900][gc,heap       ] GC(6) Eden regions: 49->0(48)
[2024-01-02T10:35:24.588+0900][gc,heap       ] GC(6) Survivor regions: 2->3(7)
[2024-01-02T10:35:24.588+0900][gc,heap       ] GC(6) Old regions: 14->14
[2024-01-02T10:35:24.588+0900][gc,heap       ] GC(6) Humongous regions: 139->129
[2024-01-02T10:35:24.588+0900][gc,metaspace  ] GC(6) Metaspace: 36582K(38656K)->36582K(38656K) NonClass: 31918K(33024K)->31918K(33024K) Class: 4663K(5632K)->4663K(5632K)
[2024-01-02T10:35:24.588+0900][gc            ] GC(6) Pause Young (Normal) (G1 Evacuation Pause) 201M->143M(1024M) 6.310ms
[2024-01-02T10:35:24.588+0900][gc,cpu        ] GC(6) User=0.04s Sys=0.00s Real=0.01s
[2024-01-02T10:35:30.338+0900][gc,heap,exit  ] Heap
[2024-01-02T10:35:30.338+0900][gc,heap,exit  ]  garbage-first heap   total 1048576K, used 157458K [0x00000000c0000000, 0x0000000100000000)
[2024-01-02T10:35:30.338+0900][gc,heap,exit  ]   region size 1024K, 14 young (14336K), 3 survivors (3072K)
[2024-01-02T10:35:30.338+0900][gc,heap,exit  ]  Metaspace       used 37332K, capacity 39538K, committed 39808K, reserved 1083392K
[2024-01-02T10:35:30.338+0900][gc,heap,exit  ]   class space    used 4863K, capacity 5969K, committed 6016K, reserved 1048576K
