[2023-12-29T14:33:20.876+0900][gc,heap] Heap region size: 1M
[2023-12-29T14:33:20.886+0900][gc     ] Using G1
[2023-12-29T14:33:20.886+0900][gc,heap,coops] Heap address: 0x00000000c0000000, size: 1024 MB, Compressed Oops mode: 32-bit
[2023-12-29T14:33:20.886+0900][gc,cds       ] Mark closed archive regions in map: [0x00000000fff00000, 0x00000000fff6bff8]
[2023-12-29T14:33:20.886+0900][gc,cds       ] Mark open archive regions in map: [0x00000000ffe00000, 0x00000000ffe47ff8]
[2023-12-29T14:33:21.917+0900][gc,start     ] GC(0) Pause Young (Normal) (G1 Evacuation Pause)
[2023-12-29T14:33:21.918+0900][gc,task      ] GC(0) Using 8 workers of 8 for evacuation
[2023-12-29T14:33:21.931+0900][gc,phases    ] GC(0)   Pre Evacuate Collection Set: 0.0ms
[2023-12-29T14:33:21.931+0900][gc,phases    ] GC(0)   Evacuate Collection Set: 11.5ms
[2023-12-29T14:33:21.931+0900][gc,phases    ] GC(0)   Post Evacuate Collection Set: 0.8ms
[2023-12-29T14:33:21.931+0900][gc,phases    ] GC(0)   Other: 1.7ms
[2023-12-29T14:33:21.931+0900][gc,heap      ] GC(0) Eden regions: 51->0(44)
[2023-12-29T14:33:21.931+0900][gc,heap      ] GC(0) Survivor regions: 0->7(7)
[2023-12-29T14:33:21.931+0900][gc,heap      ] GC(0) Old regions: 2->2
[2023-12-29T14:33:21.931+0900][gc,heap      ] GC(0) Humongous regions: 0->0
[2023-12-29T14:33:21.931+0900][gc,metaspace ] GC(0) Metaspace: 15959K(16512K)->15959K(16512K) NonClass: 14015K(14336K)->14015K(14336K) Class: 1944K(2176K)->1944K(2176K)
[2023-12-29T14:33:21.931+0900][gc           ] GC(0) Pause Young (Normal) (G1 Evacuation Pause) 51M->7M(1024M) 14.183ms
[2023-12-29T14:33:21.931+0900][gc,cpu       ] GC(0) User=0.09s Sys=0.00s Real=0.02s
[2023-12-29T14:33:22.255+0900][gc,start     ] GC(1) Pause Young (Concurrent Start) (Metadata GC Threshold)
[2023-12-29T14:33:22.255+0900][gc,task      ] GC(1) Using 8 workers of 8 for evacuation
[2023-12-29T14:33:22.264+0900][gc,phases    ] GC(1)   Pre Evacuate Collection Set: 0.0ms
[2023-12-29T14:33:22.264+0900][gc,phases    ] GC(1)   Evacuate Collection Set: 8.0ms
[2023-12-29T14:33:22.264+0900][gc,phases    ] GC(1)   Post Evacuate Collection Set: 0.7ms
[2023-12-29T14:33:22.264+0900][gc,phases    ] GC(1)   Other: 0.2ms
[2023-12-29T14:33:22.264+0900][gc,heap      ] GC(1) Eden regions: 21->0(49)
[2023-12-29T14:33:22.264+0900][gc,heap      ] GC(1) Survivor regions: 7->2(7)
[2023-12-29T14:33:22.264+0900][gc,heap      ] GC(1) Old regions: 2->9
[2023-12-29T14:33:22.264+0900][gc,heap      ] GC(1) Humongous regions: 129->129
[2023-12-29T14:33:22.264+0900][gc,metaspace ] GC(1) Metaspace: 20582K(21248K)->20582K(21248K) NonClass: 18051K(18432K)->18051K(18432K) Class: 2530K(2816K)->2530K(2816K)
[2023-12-29T14:33:22.264+0900][gc           ] GC(1) Pause Young (Concurrent Start) (Metadata GC Threshold) 156M->137M(1024M) 9.150ms
[2023-12-29T14:33:22.264+0900][gc,cpu       ] GC(1) User=0.04s Sys=0.00s Real=0.01s
[2023-12-29T14:33:22.264+0900][gc           ] GC(2) Concurrent Cycle
[2023-12-29T14:33:22.264+0900][gc,marking   ] GC(2) Concurrent Clear Claimed Marks
[2023-12-29T14:33:22.264+0900][gc,marking   ] GC(2) Concurrent Clear Claimed Marks 0.051ms
[2023-12-29T14:33:22.264+0900][gc,marking   ] GC(2) Concurrent Scan Root Regions
[2023-12-29T14:33:22.265+0900][gc,marking   ] GC(2) Concurrent Scan Root Regions 0.948ms
[2023-12-29T14:33:22.265+0900][gc,marking   ] GC(2) Concurrent Mark (1.392s)
[2023-12-29T14:33:22.265+0900][gc,marking   ] GC(2) Concurrent Mark From Roots
[2023-12-29T14:33:22.265+0900][gc,task      ] GC(2) Using 2 workers of 2 for marking
[2023-12-29T14:33:22.280+0900][gc,marking   ] GC(2) Concurrent Mark From Roots 15.484ms
[2023-12-29T14:33:22.281+0900][gc,marking   ] GC(2) Concurrent Preclean
[2023-12-29T14:33:22.281+0900][gc,marking   ] GC(2) Concurrent Preclean 0.241ms
[2023-12-29T14:33:22.281+0900][gc,marking   ] GC(2) Concurrent Mark (1.392s, 1.408s) 15.847ms
[2023-12-29T14:33:22.282+0900][gc,start     ] GC(2) Pause Remark
[2023-12-29T14:33:22.284+0900][gc,stringtable] GC(2) Cleaned string and symbol table, strings: 5451 processed, 0 removed, symbols: 51559 processed, 43 removed
[2023-12-29T14:33:22.285+0900][gc            ] GC(2) Pause Remark 139M->139M(1024M) 2.799ms
[2023-12-29T14:33:22.285+0900][gc,cpu        ] GC(2) User=0.01s Sys=0.00s Real=0.00s
[2023-12-29T14:33:22.285+0900][gc,marking    ] GC(2) Concurrent Rebuild Remembered Sets
[2023-12-29T14:33:22.288+0900][gc,marking    ] GC(2) Concurrent Rebuild Remembered Sets 2.999ms
[2023-12-29T14:33:22.288+0900][gc,start      ] GC(2) Pause Cleanup
[2023-12-29T14:33:22.289+0900][gc            ] GC(2) Pause Cleanup 139M->139M(1024M) 0.427ms
[2023-12-29T14:33:22.289+0900][gc,cpu        ] GC(2) User=0.00s Sys=0.00s Real=0.00s
[2023-12-29T14:33:22.289+0900][gc,marking    ] GC(2) Concurrent Cleanup for Next Mark
[2023-12-29T14:33:22.295+0900][gc,marking    ] GC(2) Concurrent Cleanup for Next Mark 5.681ms
[2023-12-29T14:33:22.295+0900][gc            ] GC(2) Concurrent Cycle 30.995ms
[2023-12-29T14:33:22.898+0900][gc,start      ] GC(3) Pause Young (Concurrent Start) (G1 Evacuation Pause)
[2023-12-29T14:33:22.898+0900][gc,task       ] GC(3) Using 8 workers of 8 for evacuation
[2023-12-29T14:33:22.904+0900][gc,phases     ] GC(3)   Pre Evacuate Collection Set: 0.1ms
[2023-12-29T14:33:22.904+0900][gc,phases     ] GC(3)   Evacuate Collection Set: 4.5ms
[2023-12-29T14:33:22.904+0900][gc,phases     ] GC(3)   Post Evacuate Collection Set: 0.7ms
[2023-12-29T14:33:22.904+0900][gc,phases     ] GC(3)   Other: 0.3ms
[2023-12-29T14:33:22.904+0900][gc,heap       ] GC(3) Eden regions: 49->0(45)
[2023-12-29T14:33:22.904+0900][gc,heap       ] GC(3) Survivor regions: 2->6(7)
[2023-12-29T14:33:22.904+0900][gc,heap       ] GC(3) Old regions: 9->9
[2023-12-29T14:33:22.904+0900][gc,heap       ] GC(3) Humongous regions: 129->129
[2023-12-29T14:33:22.904+0900][gc,metaspace  ] GC(3) Metaspace: 29976K(31356K)->29976K(31356K) NonClass: 26417K(27136K)->26417K(27136K) Class: 3558K(4220K)->3558K(4220K)
[2023-12-29T14:33:22.904+0900][gc            ] GC(3) Pause Young (Concurrent Start) (G1 Evacuation Pause) 186M->141M(1024M) 5.739ms
[2023-12-29T14:33:22.904+0900][gc,cpu        ] GC(3) User=0.02s Sys=0.01s Real=0.00s
[2023-12-29T14:33:22.904+0900][gc            ] GC(4) Concurrent Cycle
[2023-12-29T14:33:22.904+0900][gc,marking    ] GC(4) Concurrent Clear Claimed Marks
[2023-12-29T14:33:22.904+0900][gc,marking    ] GC(4) Concurrent Clear Claimed Marks 0.090ms
[2023-12-29T14:33:22.904+0900][gc,marking    ] GC(4) Concurrent Scan Root Regions
[2023-12-29T14:33:22.907+0900][gc,marking    ] GC(4) Concurrent Scan Root Regions 2.565ms
[2023-12-29T14:33:22.907+0900][gc,marking    ] GC(4) Concurrent Mark (2.034s)
[2023-12-29T14:33:22.907+0900][gc,marking    ] GC(4) Concurrent Mark From Roots
[2023-12-29T14:33:22.907+0900][gc,task       ] GC(4) Using 2 workers of 2 for marking
[2023-12-29T14:33:22.917+0900][gc,marking    ] GC(4) Concurrent Mark From Roots 9.918ms
[2023-12-29T14:33:22.917+0900][gc,marking    ] GC(4) Concurrent Preclean
[2023-12-29T14:33:22.917+0900][gc,marking    ] GC(4) Concurrent Preclean 0.246ms
[2023-12-29T14:33:22.917+0900][gc,marking    ] GC(4) Concurrent Mark (2.034s, 2.044s) 10.373ms
[2023-12-29T14:33:22.918+0900][gc,start      ] GC(4) Pause Remark
[2023-12-29T14:33:22.921+0900][gc,stringtable] GC(4) Cleaned string and symbol table, strings: 10148 processed, 8 removed, symbols: 74090 processed, 18 removed
[2023-12-29T14:33:22.922+0900][gc            ] GC(4) Pause Remark 142M->142M(1024M) 3.223ms
[2023-12-29T14:33:22.922+0900][gc,cpu        ] GC(4) User=0.01s Sys=0.00s Real=0.00s
[2023-12-29T14:33:22.922+0900][gc,marking    ] GC(4) Concurrent Rebuild Remembered Sets
[2023-12-29T14:33:22.927+0900][gc,marking    ] GC(4) Concurrent Rebuild Remembered Sets 5.298ms
[2023-12-29T14:33:22.927+0900][gc,start      ] GC(4) Pause Cleanup
[2023-12-29T14:33:22.928+0900][gc            ] GC(4) Pause Cleanup 143M->143M(1024M) 0.453ms
[2023-12-29T14:33:22.928+0900][gc,cpu        ] GC(4) User=0.00s Sys=0.00s Real=0.01s
[2023-12-29T14:33:22.928+0900][gc,marking    ] GC(4) Concurrent Cleanup for Next Mark
[2023-12-29T14:33:22.942+0900][gc,marking    ] GC(4) Concurrent Cleanup for Next Mark 13.782ms
[2023-12-29T14:33:22.942+0900][gc            ] GC(4) Concurrent Cycle 37.927ms
[2023-12-29T14:35:26.201+0900][gc,start      ] GC(5) Pause Young (Normal) (G1 Evacuation Pause)
[2023-12-29T14:35:26.201+0900][gc,task       ] GC(5) Using 8 workers of 8 for evacuation
[2023-12-29T14:35:26.212+0900][gc,phases     ] GC(5)   Pre Evacuate Collection Set: 0.1ms
[2023-12-29T14:35:26.212+0900][gc,phases     ] GC(5)   Evacuate Collection Set: 9.6ms
[2023-12-29T14:35:26.212+0900][gc,phases     ] GC(5)   Post Evacuate Collection Set: 1.2ms
[2023-12-29T14:35:26.212+0900][gc,phases     ] GC(5)   Other: 0.3ms
[2023-12-29T14:35:26.212+0900][gc,heap       ] GC(5) Eden regions: 45->0(48)
[2023-12-29T14:35:26.212+0900][gc,heap       ] GC(5) Survivor regions: 6->3(7)
[2023-12-29T14:35:26.212+0900][gc,heap       ] GC(5) Old regions: 9->14
[2023-12-29T14:35:26.212+0900][gc,heap       ] GC(5) Humongous regions: 129->129
[2023-12-29T14:35:26.212+0900][gc,metaspace  ] GC(5) Metaspace: 36278K(38396K)->36278K(38396K) NonClass: 31651K(32768K)->31651K(32768K) Class: 4626K(5628K)->4626K(5628K)
[2023-12-29T14:35:26.212+0900][gc            ] GC(5) Pause Young (Normal) (G1 Evacuation Pause) 186M->143M(1024M) 11.369ms
[2023-12-29T14:35:26.212+0900][gc,cpu        ] GC(5) User=0.06s Sys=0.01s Real=0.01s
[2023-12-29T14:47:30.694+0900][gc,start      ] GC(6) Pause Young (Normal) (G1 Evacuation Pause)
[2023-12-29T14:47:30.694+0900][gc,task       ] GC(6) Using 8 workers of 8 for evacuation
[2023-12-29T14:47:30.709+0900][gc,phases     ] GC(6)   Pre Evacuate Collection Set: 0.7ms
[2023-12-29T14:47:30.709+0900][gc,phases     ] GC(6)   Evacuate Collection Set: 10.9ms
[2023-12-29T14:47:30.709+0900][gc,phases     ] GC(6)   Post Evacuate Collection Set: 2.0ms
[2023-12-29T14:47:30.709+0900][gc,phases     ] GC(6)   Other: 0.8ms
[2023-12-29T14:47:30.709+0900][gc,heap       ] GC(6) Eden regions: 48->0(47)
[2023-12-29T14:47:30.709+0900][gc,heap       ] GC(6) Survivor regions: 3->4(7)
[2023-12-29T14:47:30.709+0900][gc,heap       ] GC(6) Old regions: 14->14
[2023-12-29T14:47:30.709+0900][gc,heap       ] GC(6) Humongous regions: 129->129
[2023-12-29T14:47:30.709+0900][gc,metaspace  ] GC(6) Metaspace: 39055K(41596K)->39055K(41596K) NonClass: 34027K(35328K)->34027K(35328K) Class: 5027K(6268K)->5027K(6268K)
[2023-12-29T14:47:30.709+0900][gc            ] GC(6) Pause Young (Normal) (G1 Evacuation Pause) 191M->144M(1024M) 14.678ms
[2023-12-29T14:47:30.709+0900][gc,cpu        ] GC(6) User=0.07s Sys=0.01s Real=0.02s
[2023-12-29T14:58:02.644+0900][gc,heap,exit  ] Heap
[2023-12-29T14:58:02.644+0900][gc,heap,exit  ]  garbage-first heap   total 1048576K, used 181087K [0x00000000c0000000, 0x0000000100000000)
[2023-12-29T14:58:02.644+0900][gc,heap,exit  ]   region size 1024K, 38 young (38912K), 4 survivors (4096K)
[2023-12-29T14:58:02.644+0900][gc,heap,exit  ]  Metaspace       used 39839K, capacity 42461K, committed 42620K, reserved 1085440K
[2023-12-29T14:58:02.644+0900][gc,heap,exit  ]   class space    used 5224K, capacity 6496K, committed 6524K, reserved 1048576K
