[2024-01-02T10:59:50.360+0900][gc,heap] Heap region size: 1M
[2024-01-02T10:59:50.369+0900][gc     ] Using G1
[2024-01-02T10:59:50.369+0900][gc,heap,coops] Heap address: 0x00000000c0000000, size: 1024 MB, Compressed Oops mode: 32-bit
[2024-01-02T10:59:50.369+0900][gc,cds       ] Mark closed archive regions in map: [0x00000000fff00000, 0x00000000fff6bff8]
[2024-01-02T10:59:50.369+0900][gc,cds       ] Mark open archive regions in map: [0x00000000ffe00000, 0x00000000ffe47ff8]
[2024-01-02T10:59:51.509+0900][gc,start     ] GC(0) Pause Young (Normal) (G1 Evacuation Pause)
[2024-01-02T10:59:51.510+0900][gc,task      ] GC(0) Using 8 workers of 8 for evacuation
[2024-01-02T10:59:51.524+0900][gc,phases    ] GC(0)   Pre Evacuate Collection Set: 0.0ms
[2024-01-02T10:59:51.524+0900][gc,phases    ] GC(0)   Evacuate Collection Set: 13.0ms
[2024-01-02T10:59:51.524+0900][gc,phases    ] GC(0)   Post Evacuate Collection Set: 0.9ms
[2024-01-02T10:59:51.524+0900][gc,phases    ] GC(0)   Other: 1.6ms
[2024-01-02T10:59:51.524+0900][gc,heap      ] GC(0) Eden regions: 51->0(44)
[2024-01-02T10:59:51.524+0900][gc,heap      ] GC(0) Survivor regions: 0->7(7)
[2024-01-02T10:59:51.524+0900][gc,heap      ] GC(0) Old regions: 2->2
[2024-01-02T10:59:51.524+0900][gc,heap      ] GC(0) Humongous regions: 0->0
[2024-01-02T10:59:51.524+0900][gc,metaspace ] GC(0) Metaspace: 15982K(16768K)->15982K(16768K) NonClass: 14038K(14592K)->14038K(14592K) Class: 1943K(2176K)->1943K(2176K)
[2024-01-02T10:59:51.524+0900][gc           ] GC(0) Pause Young (Normal) (G1 Evacuation Pause) 51M->7M(1024M) 15.778ms
[2024-01-02T10:59:51.524+0900][gc,cpu       ] GC(0) User=0.06s Sys=0.03s Real=0.02s
[2024-01-02T10:59:51.859+0900][gc,start     ] GC(1) Pause Young (Concurrent Start) (Metadata GC Threshold)
[2024-01-02T10:59:51.859+0900][gc,task      ] GC(1) Using 8 workers of 8 for evacuation
[2024-01-02T10:59:51.871+0900][gc,phases    ] GC(1)   Pre Evacuate Collection Set: 0.1ms
[2024-01-02T10:59:51.871+0900][gc,phases    ] GC(1)   Evacuate Collection Set: 11.1ms
[2024-01-02T10:59:51.871+0900][gc,phases    ] GC(1)   Post Evacuate Collection Set: 0.9ms
[2024-01-02T10:59:51.871+0900][gc,phases    ] GC(1)   Other: 0.5ms
[2024-01-02T10:59:51.871+0900][gc,heap      ] GC(1) Eden regions: 20->0(50)
[2024-01-02T10:59:51.871+0900][gc,heap      ] GC(1) Survivor regions: 7->1(7)
[2024-01-02T10:59:51.871+0900][gc,heap      ] GC(1) Old regions: 2->9
[2024-01-02T10:59:51.871+0900][gc,heap      ] GC(1) Humongous regions: 0->0
[2024-01-02T10:59:51.871+0900][gc,metaspace ] GC(1) Metaspace: 20528K(21248K)->20528K(21248K) NonClass: 18006K(18432K)->18006K(18432K) Class: 2522K(2816K)->2522K(2816K)
[2024-01-02T10:59:51.871+0900][gc           ] GC(1) Pause Young (Concurrent Start) (Metadata GC Threshold) 27M->7M(1024M) 12.749ms
[2024-01-02T10:59:51.871+0900][gc,cpu       ] GC(1) User=0.06s Sys=0.00s Real=0.01s
[2024-01-02T10:59:51.871+0900][gc           ] GC(2) Concurrent Cycle
[2024-01-02T10:59:51.871+0900][gc,marking   ] GC(2) Concurrent Clear Claimed Marks
[2024-01-02T10:59:51.872+0900][gc,marking   ] GC(2) Concurrent Clear Claimed Marks 0.058ms
[2024-01-02T10:59:51.872+0900][gc,marking   ] GC(2) Concurrent Scan Root Regions
[2024-01-02T10:59:51.873+0900][gc,marking   ] GC(2) Concurrent Scan Root Regions 1.490ms
[2024-01-02T10:59:51.873+0900][gc,marking   ] GC(2) Concurrent Mark (1.516s)
[2024-01-02T10:59:51.873+0900][gc,marking   ] GC(2) Concurrent Mark From Roots
[2024-01-02T10:59:51.874+0900][gc,task      ] GC(2) Using 2 workers of 2 for marking
[2024-01-02T10:59:51.881+0900][gc,marking   ] GC(2) Concurrent Mark From Roots 8.311ms
[2024-01-02T10:59:51.882+0900][gc,marking   ] GC(2) Concurrent Preclean
[2024-01-02T10:59:51.882+0900][gc,marking   ] GC(2) Concurrent Preclean 0.946ms
[2024-01-02T10:59:51.883+0900][gc,marking   ] GC(2) Concurrent Mark (1.516s, 1.525s) 9.460ms
[2024-01-02T10:59:51.917+0900][gc,start     ] GC(2) Pause Remark
[2024-01-02T10:59:51.919+0900][gc,stringtable] GC(2) Cleaned string and symbol table, strings: 5407 processed, 0 removed, symbols: 50491 processed, 45 removed
[2024-01-02T10:59:51.920+0900][gc            ] GC(2) Pause Remark 137M->137M(1024M) 2.734ms
[2024-01-02T10:59:51.920+0900][gc,cpu        ] GC(2) User=0.01s Sys=0.00s Real=0.00s
[2024-01-02T10:59:51.920+0900][gc,marking    ] GC(2) Concurrent Rebuild Remembered Sets
[2024-01-02T10:59:51.923+0900][gc,marking    ] GC(2) Concurrent Rebuild Remembered Sets 3.651ms
[2024-01-02T10:59:51.924+0900][gc,start      ] GC(2) Pause Cleanup
[2024-01-02T10:59:51.924+0900][gc            ] GC(2) Pause Cleanup 137M->137M(1024M) 0.298ms
[2024-01-02T10:59:51.924+0900][gc,cpu        ] GC(2) User=0.00s Sys=0.00s Real=0.00s
[2024-01-02T10:59:51.924+0900][gc,marking    ] GC(2) Concurrent Cleanup for Next Mark
[2024-01-02T10:59:51.928+0900][gc,marking    ] GC(2) Concurrent Cleanup for Next Mark 3.753ms
[2024-01-02T10:59:51.928+0900][gc            ] GC(2) Concurrent Cycle 56.709ms
[2024-01-02T10:59:52.702+0900][gc,start      ] GC(3) Pause Young (Normal) (G1 Evacuation Pause)
[2024-01-02T10:59:52.702+0900][gc,task       ] GC(3) Using 8 workers of 8 for evacuation
[2024-01-02T10:59:52.711+0900][gc,phases     ] GC(3)   Pre Evacuate Collection Set: 0.0ms
[2024-01-02T10:59:52.711+0900][gc,phases     ] GC(3)   Evacuate Collection Set: 7.0ms
[2024-01-02T10:59:52.711+0900][gc,phases     ] GC(3)   Post Evacuate Collection Set: 0.9ms
[2024-01-02T10:59:52.711+0900][gc,phases     ] GC(3)   Other: 0.3ms
[2024-01-02T10:59:52.711+0900][gc,heap       ] GC(3) Eden regions: 50->0(45)
[2024-01-02T10:59:52.711+0900][gc,heap       ] GC(3) Survivor regions: 1->6(7)
[2024-01-02T10:59:52.711+0900][gc,heap       ] GC(3) Old regions: 9->9
[2024-01-02T10:59:52.711+0900][gc,heap       ] GC(3) Humongous regions: 129->129
[2024-01-02T10:59:52.711+0900][gc,metaspace  ] GC(3) Metaspace: 30094K(31488K)->30094K(31488K) NonClass: 26522K(27392K)->26522K(27392K) Class: 3571K(4096K)->3571K(4096K)
[2024-01-02T10:59:52.711+0900][gc            ] GC(3) Pause Young (Normal) (G1 Evacuation Pause) 186M->141M(1024M) 8.529ms
[2024-01-02T10:59:52.711+0900][gc,cpu        ] GC(3) User=0.07s Sys=0.00s Real=0.01s
[2024-01-02T11:00:25.762+0900][gc,start      ] GC(4) Pause Young (Concurrent Start) (Metadata GC Threshold)
[2024-01-02T11:00:25.762+0900][gc,task       ] GC(4) Using 8 workers of 8 for evacuation
[2024-01-02T11:00:25.773+0900][gc,phases     ] GC(4)   Pre Evacuate Collection Set: 0.1ms
[2024-01-02T11:00:25.773+0900][gc,phases     ] GC(4)   Evacuate Collection Set: 9.2ms
[2024-01-02T11:00:25.773+0900][gc,phases     ] GC(4)   Post Evacuate Collection Set: 1.0ms
[2024-01-02T11:00:25.773+0900][gc,phases     ] GC(4)   Other: 0.3ms
[2024-01-02T11:00:25.773+0900][gc,heap       ] GC(4) Eden regions: 20->0(49)
[2024-01-02T11:00:25.773+0900][gc,heap       ] GC(4) Survivor regions: 6->2(7)
[2024-01-02T11:00:25.773+0900][gc,heap       ] GC(4) Old regions: 9->14
[2024-01-02T11:00:25.773+0900][gc,heap       ] GC(4) Humongous regions: 129->129
[2024-01-02T11:00:25.773+0900][gc,metaspace  ] GC(4) Metaspace: 34158K(35840K)->34158K(35840K) NonClass: 29925K(30720K)->29925K(30720K) Class: 4232K(5120K)->4232K(5120K)
[2024-01-02T11:00:25.773+0900][gc            ] GC(4) Pause Young (Concurrent Start) (Metadata GC Threshold) 160M->142M(1024M) 10.685ms
[2024-01-02T11:00:25.773+0900][gc,cpu        ] GC(4) User=0.06s Sys=0.00s Real=0.01s
[2024-01-02T11:00:25.773+0900][gc            ] GC(5) Concurrent Cycle
[2024-01-02T11:00:25.773+0900][gc,marking    ] GC(5) Concurrent Clear Claimed Marks
[2024-01-02T11:00:25.773+0900][gc,marking    ] GC(5) Concurrent Clear Claimed Marks 0.168ms
[2024-01-02T11:00:25.773+0900][gc,marking    ] GC(5) Concurrent Scan Root Regions
[2024-01-02T11:00:25.774+0900][gc,marking    ] GC(5) Concurrent Scan Root Regions 1.049ms
[2024-01-02T11:00:25.774+0900][gc,marking    ] GC(5) Concurrent Mark (35.417s)
[2024-01-02T11:00:25.774+0900][gc,marking    ] GC(5) Concurrent Mark From Roots
[2024-01-02T11:00:25.774+0900][gc,task       ] GC(5) Using 2 workers of 2 for marking
[2024-01-02T11:00:25.785+0900][gc,marking    ] GC(5) Concurrent Mark From Roots 10.886ms
[2024-01-02T11:00:25.785+0900][gc,marking    ] GC(5) Concurrent Preclean
[2024-01-02T11:00:25.786+0900][gc,marking    ] GC(5) Concurrent Preclean 0.291ms
[2024-01-02T11:00:25.786+0900][gc,marking    ] GC(5) Concurrent Mark (35.417s, 35.429s) 11.309ms
[2024-01-02T11:00:25.786+0900][gc,start      ] GC(5) Pause Remark
[2024-01-02T11:00:25.789+0900][gc,stringtable] GC(5) Cleaned string and symbol table, strings: 10744 processed, 7 removed, symbols: 79372 processed, 20 removed
[2024-01-02T11:00:25.790+0900][gc            ] GC(5) Pause Remark 142M->142M(1024M) 3.586ms
[2024-01-02T11:00:25.790+0900][gc,cpu        ] GC(5) User=0.01s Sys=0.00s Real=0.00s
[2024-01-02T11:00:25.790+0900][gc,marking    ] GC(5) Concurrent Rebuild Remembered Sets
[2024-01-02T11:00:25.798+0900][gc,marking    ] GC(5) Concurrent Rebuild Remembered Sets 8.275ms
[2024-01-02T11:00:25.799+0900][gc,start      ] GC(5) Pause Cleanup
[2024-01-02T11:00:25.799+0900][gc            ] GC(5) Pause Cleanup 143M->143M(1024M) 0.496ms
[2024-01-02T11:00:25.799+0900][gc,cpu        ] GC(5) User=0.00s Sys=0.00s Real=0.00s
[2024-01-02T11:00:25.800+0900][gc,marking    ] GC(5) Concurrent Cleanup for Next Mark
[2024-01-02T11:00:25.811+0900][gc,marking    ] GC(5) Concurrent Cleanup for Next Mark 11.803ms
[2024-01-02T11:00:25.812+0900][gc            ] GC(5) Concurrent Cycle 38.563ms
[2024-01-02T11:00:48.090+0900][gc,start      ] GC(6) Pause Young (Normal) (G1 Evacuation Pause)
[2024-01-02T11:00:48.090+0900][gc,task       ] GC(6) Using 8 workers of 8 for evacuation
[2024-01-02T11:00:48.094+0900][gc,phases     ] GC(6)   Pre Evacuate Collection Set: 0.0ms
[2024-01-02T11:00:48.094+0900][gc,phases     ] GC(6)   Evacuate Collection Set: 3.1ms
[2024-01-02T11:00:48.094+0900][gc,phases     ] GC(6)   Post Evacuate Collection Set: 1.1ms
[2024-01-02T11:00:48.095+0900][gc,phases     ] GC(6)   Other: 0.2ms
[2024-01-02T11:00:48.095+0900][gc,heap       ] GC(6) Eden regions: 49->0(48)
[2024-01-02T11:00:48.095+0900][gc,heap       ] GC(6) Survivor regions: 2->3(7)
[2024-01-02T11:00:48.095+0900][gc,heap       ] GC(6) Old regions: 14->14
[2024-01-02T11:00:48.095+0900][gc,heap       ] GC(6) Humongous regions: 139->129
[2024-01-02T11:00:48.095+0900][gc,metaspace  ] GC(6) Metaspace: 36871K(39040K)->36871K(39040K) NonClass: 32129K(33280K)->32129K(33280K) Class: 4741K(5760K)->4741K(5760K)
[2024-01-02T11:00:48.095+0900][gc            ] GC(6) Pause Young (Normal) (G1 Evacuation Pause) 201M->143M(1024M) 4.540ms
[2024-01-02T11:00:48.095+0900][gc,cpu        ] GC(6) User=0.02s Sys=0.00s Real=0.01s
[2024-01-02T11:01:03.838+0900][gc,heap,exit  ] Heap
[2024-01-02T11:01:03.838+0900][gc,heap,exit  ]  garbage-first heap   total 1048576K, used 162456K [0x00000000c0000000, 0x0000000100000000)
[2024-01-02T11:01:03.838+0900][gc,heap,exit  ]   region size 1024K, 19 young (19456K), 3 survivors (3072K)
[2024-01-02T11:01:03.838+0900][gc,heap,exit  ]  Metaspace       used 38565K, capacity 41051K, committed 41344K, reserved 1083392K
[2024-01-02T11:01:03.838+0900][gc,heap,exit  ]   class space    used 5157K, capacity 6401K, committed 6528K, reserved 1048576K
