[2024-01-02T12:33:02.713+0900][gc,heap] Heap region size: 1M
[2024-01-02T12:33:02.724+0900][gc     ] Using G1
[2024-01-02T12:33:02.724+0900][gc,heap,coops] Heap address: 0x00000000c0000000, size: 1024 MB, Compressed Oops mode: 32-bit
[2024-01-02T12:33:02.724+0900][gc,cds       ] Mark closed archive regions in map: [0x00000000fff00000, 0x00000000fff6bff8]
[2024-01-02T12:33:02.724+0900][gc,cds       ] Mark open archive regions in map: [0x00000000ffe00000, 0x00000000ffe47ff8]
[2024-01-02T12:33:04.069+0900][gc,start     ] GC(0) Pause Young (Normal) (G1 Evacuation Pause)
[2024-01-02T12:33:04.070+0900][gc,task      ] GC(0) Using 8 workers of 8 for evacuation
[2024-01-02T12:33:04.085+0900][gc,phases    ] GC(0)   Pre Evacuate Collection Set: 0.0ms
[2024-01-02T12:33:04.085+0900][gc,phases    ] GC(0)   Evacuate Collection Set: 13.4ms
[2024-01-02T12:33:04.085+0900][gc,phases    ] GC(0)   Post Evacuate Collection Set: 0.9ms
[2024-01-02T12:33:04.085+0900][gc,phases    ] GC(0)   Other: 1.3ms
[2024-01-02T12:33:04.085+0900][gc,heap      ] GC(0) Eden regions: 51->0(44)
[2024-01-02T12:33:04.085+0900][gc,heap      ] GC(0) Survivor regions: 0->7(7)
[2024-01-02T12:33:04.085+0900][gc,heap      ] GC(0) Old regions: 2->2
[2024-01-02T12:33:04.085+0900][gc,heap      ] GC(0) Humongous regions: 0->0
[2024-01-02T12:33:04.085+0900][gc,metaspace ] GC(0) Metaspace: 15965K(16768K)->15965K(16768K) NonClass: 14020K(14592K)->14020K(14592K) Class: 1944K(2176K)->1944K(2176K)
[2024-01-02T12:33:04.085+0900][gc           ] GC(0) Pause Young (Normal) (G1 Evacuation Pause) 51M->7M(1024M) 15.797ms
[2024-01-02T12:33:04.085+0900][gc,cpu       ] GC(0) User=0.10s Sys=0.00s Real=0.01s
[2024-01-02T12:33:04.443+0900][gc,start     ] GC(1) Pause Young (Concurrent Start) (Metadata GC Threshold)
[2024-01-02T12:33:04.443+0900][gc,task      ] GC(1) Using 8 workers of 8 for evacuation
[2024-01-02T12:33:04.456+0900][gc,phases    ] GC(1)   Pre Evacuate Collection Set: 0.1ms
[2024-01-02T12:33:04.456+0900][gc,phases    ] GC(1)   Evacuate Collection Set: 11.7ms
[2024-01-02T12:33:04.456+0900][gc,phases    ] GC(1)   Post Evacuate Collection Set: 1.0ms
[2024-01-02T12:33:04.456+0900][gc,phases    ] GC(1)   Other: 0.3ms
[2024-01-02T12:33:04.456+0900][gc,heap      ] GC(1) Eden regions: 20->0(50)
[2024-01-02T12:33:04.456+0900][gc,heap      ] GC(1) Survivor regions: 7->1(7)
[2024-01-02T12:33:04.456+0900][gc,heap      ] GC(1) Old regions: 2->9
[2024-01-02T12:33:04.456+0900][gc,heap      ] GC(1) Humongous regions: 0->0
[2024-01-02T12:33:04.456+0900][gc,metaspace ] GC(1) Metaspace: 20504K(21248K)->20504K(21248K) NonClass: 17985K(18432K)->17985K(18432K) Class: 2518K(2816K)->2518K(2816K)
[2024-01-02T12:33:04.456+0900][gc           ] GC(1) Pause Young (Concurrent Start) (Metadata GC Threshold) 27M->8M(1024M) 13.200ms
[2024-01-02T12:33:04.456+0900][gc,cpu       ] GC(1) User=0.05s Sys=0.01s Real=0.01s
[2024-01-02T12:33:04.456+0900][gc           ] GC(2) Concurrent Cycle
[2024-01-02T12:33:04.456+0900][gc,marking   ] GC(2) Concurrent Clear Claimed Marks
[2024-01-02T12:33:04.456+0900][gc,marking   ] GC(2) Concurrent Clear Claimed Marks 0.062ms
[2024-01-02T12:33:04.456+0900][gc,marking   ] GC(2) Concurrent Scan Root Regions
[2024-01-02T12:33:04.457+0900][gc,marking   ] GC(2) Concurrent Scan Root Regions 1.140ms
[2024-01-02T12:33:04.457+0900][gc,marking   ] GC(2) Concurrent Mark (1.748s)
[2024-01-02T12:33:04.457+0900][gc,marking   ] GC(2) Concurrent Mark From Roots
[2024-01-02T12:33:04.458+0900][gc,task      ] GC(2) Using 2 workers of 2 for marking
[2024-01-02T12:33:04.466+0900][gc,marking   ] GC(2) Concurrent Mark From Roots 8.683ms
[2024-01-02T12:33:04.466+0900][gc,marking   ] GC(2) Concurrent Preclean
[2024-01-02T12:33:04.467+0900][gc,marking   ] GC(2) Concurrent Preclean 0.421ms
[2024-01-02T12:33:04.467+0900][gc,marking   ] GC(2) Concurrent Mark (1.748s, 1.757s) 9.270ms
[2024-01-02T12:33:04.508+0900][gc,start     ] GC(2) Pause Remark
[2024-01-02T12:33:04.510+0900][gc,stringtable] GC(2) Cleaned string and symbol table, strings: 5407 processed, 0 removed, symbols: 50492 processed, 45 removed
[2024-01-02T12:33:04.511+0900][gc            ] GC(2) Pause Remark 137M->137M(1024M) 2.749ms
[2024-01-02T12:33:04.511+0900][gc,cpu        ] GC(2) User=0.01s Sys=0.00s Real=0.01s
[2024-01-02T12:33:04.511+0900][gc,marking    ] GC(2) Concurrent Rebuild Remembered Sets
[2024-01-02T12:33:04.514+0900][gc,marking    ] GC(2) Concurrent Rebuild Remembered Sets 3.244ms
[2024-01-02T12:33:04.515+0900][gc,start      ] GC(2) Pause Cleanup
[2024-01-02T12:33:04.515+0900][gc            ] GC(2) Pause Cleanup 137M->137M(1024M) 0.344ms
[2024-01-02T12:33:04.515+0900][gc,cpu        ] GC(2) User=0.00s Sys=0.00s Real=0.00s
[2024-01-02T12:33:04.516+0900][gc,marking    ] GC(2) Concurrent Cleanup for Next Mark
[2024-01-02T12:33:04.520+0900][gc,marking    ] GC(2) Concurrent Cleanup for Next Mark 4.293ms
[2024-01-02T12:33:04.520+0900][gc            ] GC(2) Concurrent Cycle 63.892ms
[2024-01-02T12:33:05.270+0900][gc,start      ] GC(3) Pause Young (Normal) (G1 Evacuation Pause)
[2024-01-02T12:33:05.270+0900][gc,task       ] GC(3) Using 8 workers of 8 for evacuation
[2024-01-02T12:33:05.276+0900][gc,phases     ] GC(3)   Pre Evacuate Collection Set: 0.0ms
[2024-01-02T12:33:05.276+0900][gc,phases     ] GC(3)   Evacuate Collection Set: 4.9ms
[2024-01-02T12:33:05.276+0900][gc,phases     ] GC(3)   Post Evacuate Collection Set: 0.9ms
[2024-01-02T12:33:05.276+0900][gc,phases     ] GC(3)   Other: 0.2ms
[2024-01-02T12:33:05.276+0900][gc,heap       ] GC(3) Eden regions: 50->0(45)
[2024-01-02T12:33:05.276+0900][gc,heap       ] GC(3) Survivor regions: 1->6(7)
[2024-01-02T12:33:05.276+0900][gc,heap       ] GC(3) Old regions: 9->9
[2024-01-02T12:33:05.276+0900][gc,heap       ] GC(3) Humongous regions: 129->129
[2024-01-02T12:33:05.276+0900][gc,metaspace  ] GC(3) Metaspace: 30062K(31488K)->30062K(31488K) NonClass: 26493K(27392K)->26493K(27392K) Class: 3569K(4096K)->3569K(4096K)
[2024-01-02T12:33:05.276+0900][gc            ] GC(3) Pause Young (Normal) (G1 Evacuation Pause) 187M->141M(1024M) 6.129ms
[2024-01-02T12:33:05.276+0900][gc,cpu        ] GC(3) User=0.03s Sys=0.00s Real=0.00s
[2024-01-02T12:33:21.084+0900][gc,start      ] GC(4) Pause Young (Concurrent Start) (Metadata GC Threshold)
[2024-01-02T12:33:21.084+0900][gc,task       ] GC(4) Using 8 workers of 8 for evacuation
[2024-01-02T12:33:21.094+0900][gc,phases     ] GC(4)   Pre Evacuate Collection Set: 0.1ms
[2024-01-02T12:33:21.094+0900][gc,phases     ] GC(4)   Evacuate Collection Set: 8.7ms
[2024-01-02T12:33:21.094+0900][gc,phases     ] GC(4)   Post Evacuate Collection Set: 1.1ms
[2024-01-02T12:33:21.094+0900][gc,phases     ] GC(4)   Other: 0.3ms
[2024-01-02T12:33:21.094+0900][gc,heap       ] GC(4) Eden regions: 19->0(49)
[2024-01-02T12:33:21.094+0900][gc,heap       ] GC(4) Survivor regions: 6->2(7)
[2024-01-02T12:33:21.094+0900][gc,heap       ] GC(4) Old regions: 9->14
[2024-01-02T12:33:21.094+0900][gc,heap       ] GC(4) Humongous regions: 129->129
[2024-01-02T12:33:21.094+0900][gc,metaspace  ] GC(4) Metaspace: 34166K(35840K)->34166K(35840K) NonClass: 29929K(30848K)->29929K(30848K) Class: 4236K(4992K)->4236K(4992K)
[2024-01-02T12:33:21.094+0900][gc            ] GC(4) Pause Young (Concurrent Start) (Metadata GC Threshold) 160M->142M(1024M) 10.297ms
[2024-01-02T12:33:21.094+0900][gc,cpu        ] GC(4) User=0.06s Sys=0.00s Real=0.01s
[2024-01-02T12:33:21.094+0900][gc            ] GC(5) Concurrent Cycle
[2024-01-02T12:33:21.094+0900][gc,marking    ] GC(5) Concurrent Clear Claimed Marks
[2024-01-02T12:33:21.094+0900][gc,marking    ] GC(5) Concurrent Clear Claimed Marks 0.148ms
[2024-01-02T12:33:21.094+0900][gc,marking    ] GC(5) Concurrent Scan Root Regions
[2024-01-02T12:33:21.096+0900][gc,marking    ] GC(5) Concurrent Scan Root Regions 1.360ms
[2024-01-02T12:33:21.096+0900][gc,marking    ] GC(5) Concurrent Mark (18.386s)
[2024-01-02T12:33:21.096+0900][gc,marking    ] GC(5) Concurrent Mark From Roots
[2024-01-02T12:33:21.096+0900][gc,task       ] GC(5) Using 2 workers of 2 for marking
[2024-01-02T12:33:21.108+0900][gc,marking    ] GC(5) Concurrent Mark From Roots 12.307ms
[2024-01-02T12:33:21.108+0900][gc,marking    ] GC(5) Concurrent Preclean
[2024-01-02T12:33:21.109+0900][gc,marking    ] GC(5) Concurrent Preclean 0.379ms
[2024-01-02T12:33:21.109+0900][gc,marking    ] GC(5) Concurrent Mark (18.386s, 18.399s) 12.862ms
[2024-01-02T12:33:21.109+0900][gc,start      ] GC(5) Pause Remark
[2024-01-02T12:33:21.115+0900][gc,stringtable] GC(5) Cleaned string and symbol table, strings: 10764 processed, 7 removed, symbols: 79422 processed, 21 removed
[2024-01-02T12:33:21.115+0900][gc            ] GC(5) Pause Remark 143M->143M(1024M) 6.235ms
[2024-01-02T12:33:21.115+0900][gc,cpu        ] GC(5) User=0.03s Sys=0.00s Real=0.00s
[2024-01-02T12:33:21.116+0900][gc,marking    ] GC(5) Concurrent Rebuild Remembered Sets
[2024-01-02T12:33:21.123+0900][gc,marking    ] GC(5) Concurrent Rebuild Remembered Sets 7.218ms
[2024-01-02T12:33:21.123+0900][gc,start      ] GC(5) Pause Cleanup
[2024-01-02T12:33:21.124+0900][gc            ] GC(5) Pause Cleanup 143M->143M(1024M) 0.401ms
[2024-01-02T12:33:21.124+0900][gc,cpu        ] GC(5) User=0.00s Sys=0.00s Real=0.00s
[2024-01-02T12:33:21.124+0900][gc,marking    ] GC(5) Concurrent Cleanup for Next Mark
[2024-01-02T12:33:21.128+0900][gc,marking    ] GC(5) Concurrent Cleanup for Next Mark 3.925ms
[2024-01-02T12:33:21.128+0900][gc            ] GC(5) Concurrent Cycle 33.561ms
[2024-01-02T12:33:24.475+0900][gc,start      ] GC(6) Pause Young (Normal) (G1 Evacuation Pause)
[2024-01-02T12:33:24.475+0900][gc,task       ] GC(6) Using 8 workers of 8 for evacuation
[2024-01-02T12:33:24.479+0900][gc,phases     ] GC(6)   Pre Evacuate Collection Set: 0.0ms
[2024-01-02T12:33:24.479+0900][gc,phases     ] GC(6)   Evacuate Collection Set: 2.9ms
[2024-01-02T12:33:24.479+0900][gc,phases     ] GC(6)   Post Evacuate Collection Set: 1.0ms
[2024-01-02T12:33:24.479+0900][gc,phases     ] GC(6)   Other: 0.2ms
[2024-01-02T12:33:24.479+0900][gc,heap       ] GC(6) Eden regions: 49->0(49)
[2024-01-02T12:33:24.479+0900][gc,heap       ] GC(6) Survivor regions: 2->2(7)
[2024-01-02T12:33:24.479+0900][gc,heap       ] GC(6) Old regions: 14->14
[2024-01-02T12:33:24.479+0900][gc,heap       ] GC(6) Humongous regions: 129->129
[2024-01-02T12:33:24.479+0900][gc,metaspace  ] GC(6) Metaspace: 35821K(37760K)->35821K(37760K) NonClass: 31326K(32384K)->31326K(32384K) Class: 4495K(5376K)->4495K(5376K)
[2024-01-02T12:33:24.480+0900][gc            ] GC(6) Pause Young (Normal) (G1 Evacuation Pause) 191M->142M(1024M) 4.283ms
[2024-01-02T12:33:24.480+0900][gc,cpu        ] GC(6) User=0.00s Sys=0.01s Real=0.01s
[2024-01-02T12:37:34.437+0900][gc,start      ] GC(7) Pause Young (Normal) (G1 Evacuation Pause)
[2024-01-02T12:37:34.437+0900][gc,task       ] GC(7) Using 8 workers of 8 for evacuation
[2024-01-02T12:37:34.446+0900][gc,phases     ] GC(7)   Pre Evacuate Collection Set: 0.3ms
[2024-01-02T12:37:34.446+0900][gc,phases     ] GC(7)   Evacuate Collection Set: 7.1ms
[2024-01-02T12:37:34.446+0900][gc,phases     ] GC(7)   Post Evacuate Collection Set: 1.4ms
[2024-01-02T12:37:34.446+0900][gc,phases     ] GC(7)   Other: 0.6ms
[2024-01-02T12:37:34.446+0900][gc,heap       ] GC(7) Eden regions: 49->0(48)
[2024-01-02T12:37:34.446+0900][gc,heap       ] GC(7) Survivor regions: 2->3(7)
[2024-01-02T12:37:34.446+0900][gc,heap       ] GC(7) Old regions: 14->14
[2024-01-02T12:37:34.446+0900][gc,heap       ] GC(7) Humongous regions: 129->129
[2024-01-02T12:37:34.446+0900][gc,metaspace  ] GC(7) Metaspace: 38535K(40960K)->38535K(40960K) NonClass: 33549K(34816K)->33549K(34816K) Class: 4985K(6144K)->4985K(6144K)
[2024-01-02T12:37:34.446+0900][gc            ] GC(7) Pause Young (Normal) (G1 Evacuation Pause) 191M->144M(1024M) 9.461ms
[2024-01-02T12:37:34.446+0900][gc,cpu        ] GC(7) User=0.06s Sys=0.00s Real=0.01s
[2024-01-02T12:54:35.764+0900][gc,start      ] GC(8) Pause Young (Normal) (G1 Evacuation Pause)
[2024-01-02T12:54:35.764+0900][gc,task       ] GC(8) Using 8 workers of 8 for evacuation
[2024-01-02T12:54:35.773+0900][gc,phases     ] GC(8)   Pre Evacuate Collection Set: 0.1ms
[2024-01-02T12:54:35.773+0900][gc,phases     ] GC(8)   Evacuate Collection Set: 7.1ms
[2024-01-02T12:54:35.773+0900][gc,phases     ] GC(8)   Post Evacuate Collection Set: 0.9ms
[2024-01-02T12:54:35.773+0900][gc,phases     ] GC(8)   Other: 0.6ms
[2024-01-02T12:54:35.773+0900][gc,heap       ] GC(8) Eden regions: 48->0(47)
[2024-01-02T12:54:35.773+0900][gc,heap       ] GC(8) Survivor regions: 3->4(7)
[2024-01-02T12:54:35.773+0900][gc,heap       ] GC(8) Old regions: 14->14
[2024-01-02T12:54:35.773+0900][gc,heap       ] GC(8) Humongous regions: 129->129
[2024-01-02T12:54:35.773+0900][gc,metaspace  ] GC(8) Metaspace: 38949K(41600K)->38949K(41600K) NonClass: 33933K(35328K)->33933K(35328K) Class: 5016K(6272K)->5016K(6272K)
[2024-01-02T12:54:35.773+0900][gc            ] GC(8) Pause Young (Normal) (G1 Evacuation Pause) 192M->144M(1024M) 8.790ms
[2024-01-02T12:54:35.773+0900][gc,cpu        ] GC(8) User=0.06s Sys=0.00s Real=0.01s
[2024-01-02T13:12:46.143+0900][gc,start      ] GC(9) Pause Young (Normal) (G1 Evacuation Pause)
[2024-01-02T13:12:46.144+0900][gc,task       ] GC(9) Using 8 workers of 8 for evacuation
[2024-01-02T13:12:46.161+0900][gc,phases     ] GC(9)   Pre Evacuate Collection Set: 0.1ms
[2024-01-02T13:12:46.161+0900][gc,phases     ] GC(9)   Evacuate Collection Set: 11.9ms
[2024-01-02T13:12:46.162+0900][gc,phases     ] GC(9)   Post Evacuate Collection Set: 4.9ms
[2024-01-02T13:12:46.162+0900][gc,phases     ] GC(9)   Other: 0.8ms
[2024-01-02T13:12:46.162+0900][gc,heap       ] GC(9) Eden regions: 47->0(48)
[2024-01-02T13:12:46.162+0900][gc,heap       ] GC(9) Survivor regions: 4->3(7)
[2024-01-02T13:12:46.162+0900][gc,heap       ] GC(9) Old regions: 14->14
[2024-01-02T13:12:46.162+0900][gc,heap       ] GC(9) Humongous regions: 129->129
[2024-01-02T13:12:46.162+0900][gc,metaspace  ] GC(9) Metaspace: 39040K(41600K)->39040K(41600K) NonClass: 34024K(35328K)->34024K(35328K) Class: 5016K(6272K)->5016K(6272K)
[2024-01-02T13:12:46.162+0900][gc            ] GC(9) Pause Young (Normal) (G1 Evacuation Pause) 191M->144M(1024M) 18.552ms
[2024-01-02T13:12:46.162+0900][gc,cpu        ] GC(9) User=0.10s Sys=0.00s Real=0.02s
[2024-01-02T13:27:27.754+0900][gc,heap,exit  ] Heap
[2024-01-02T13:27:27.754+0900][gc,heap,exit  ]  garbage-first heap   total 1048576K, used 192835K [0x00000000c0000000, 0x0000000100000000)
[2024-01-02T13:27:27.755+0900][gc,heap,exit  ]   region size 1024K, 49 young (50176K), 3 survivors (3072K)
[2024-01-02T13:27:27.755+0900][gc,heap,exit  ]  Metaspace       used 39781K, capacity 42315K, committed 42624K, reserved 1085440K
[2024-01-02T13:27:27.755+0900][gc,heap,exit  ]   class space    used 5208K, capacity 6463K, committed 6528K, reserved 1048576K
