[2024-01-02T10:51:51.328+0900][gc,heap] Heap region size: 1M
[2024-01-02T10:51:51.337+0900][gc     ] Using G1
[2024-01-02T10:51:51.337+0900][gc,heap,coops] Heap address: 0x00000000c0000000, size: 1024 MB, Compressed Oops mode: 32-bit
[2024-01-02T10:51:51.337+0900][gc,cds       ] Mark closed archive regions in map: [0x00000000fff00000, 0x00000000fff6bff8]
[2024-01-02T10:51:51.337+0900][gc,cds       ] Mark open archive regions in map: [0x00000000ffe00000, 0x00000000ffe47ff8]
[2024-01-02T10:51:52.604+0900][gc,start     ] GC(0) Pause Young (Normal) (G1 Evacuation Pause)
[2024-01-02T10:51:52.606+0900][gc,task      ] GC(0) Using 8 workers of 8 for evacuation
[2024-01-02T10:51:52.618+0900][gc,phases    ] GC(0)   Pre Evacuate Collection Set: 0.0ms
[2024-01-02T10:51:52.618+0900][gc,phases    ] GC(0)   Evacuate Collection Set: 11.8ms
[2024-01-02T10:51:52.619+0900][gc,phases    ] GC(0)   Post Evacuate Collection Set: 0.8ms
[2024-01-02T10:51:52.619+0900][gc,phases    ] GC(0)   Other: 1.8ms
[2024-01-02T10:51:52.619+0900][gc,heap      ] GC(0) Eden regions: 51->0(44)
[2024-01-02T10:51:52.619+0900][gc,heap      ] GC(0) Survivor regions: 0->7(7)
[2024-01-02T10:51:52.619+0900][gc,heap      ] GC(0) Old regions: 2->2
[2024-01-02T10:51:52.619+0900][gc,heap      ] GC(0) Humongous regions: 0->0
[2024-01-02T10:51:52.619+0900][gc,metaspace ] GC(0) Metaspace: 15976K(16768K)->15976K(16768K) NonClass: 14031K(14592K)->14031K(14592K) Class: 1944K(2176K)->1944K(2176K)
[2024-01-02T10:51:52.619+0900][gc           ] GC(0) Pause Young (Normal) (G1 Evacuation Pause) 51M->7M(1024M) 14.502ms
[2024-01-02T10:51:52.619+0900][gc,cpu       ] GC(0) User=0.09s Sys=0.01s Real=0.01s
[2024-01-02T10:51:53.032+0900][gc,start     ] GC(1) Pause Young (Concurrent Start) (Metadata GC Threshold)
[2024-01-02T10:51:53.032+0900][gc,task      ] GC(1) Using 8 workers of 8 for evacuation
[2024-01-02T10:51:53.046+0900][gc,phases    ] GC(1)   Pre Evacuate Collection Set: 0.1ms
[2024-01-02T10:51:53.046+0900][gc,phases    ] GC(1)   Evacuate Collection Set: 12.3ms
[2024-01-02T10:51:53.046+0900][gc,phases    ] GC(1)   Post Evacuate Collection Set: 1.1ms
[2024-01-02T10:51:53.046+0900][gc,phases    ] GC(1)   Other: 0.3ms
[2024-01-02T10:51:53.046+0900][gc,heap      ] GC(1) Eden regions: 21->0(49)
[2024-01-02T10:51:53.046+0900][gc,heap      ] GC(1) Survivor regions: 7->2(7)
[2024-01-02T10:51:53.046+0900][gc,heap      ] GC(1) Old regions: 2->9
[2024-01-02T10:51:53.046+0900][gc,heap      ] GC(1) Humongous regions: 129->129
[2024-01-02T10:51:53.046+0900][gc,metaspace ] GC(1) Metaspace: 20602K(21248K)->20602K(21248K) NonClass: 18071K(18432K)->18071K(18432K) Class: 2530K(2816K)->2530K(2816K)
[2024-01-02T10:51:53.046+0900][gc           ] GC(1) Pause Young (Concurrent Start) (Metadata GC Threshold) 156M->137M(1024M) 13.966ms
[2024-01-02T10:51:53.046+0900][gc,cpu       ] GC(1) User=0.08s Sys=0.00s Real=0.02s
[2024-01-02T10:51:53.046+0900][gc           ] GC(2) Concurrent Cycle
[2024-01-02T10:51:53.046+0900][gc,marking   ] GC(2) Concurrent Clear Claimed Marks
[2024-01-02T10:51:53.046+0900][gc,marking   ] GC(2) Concurrent Clear Claimed Marks 0.077ms
[2024-01-02T10:51:53.046+0900][gc,marking   ] GC(2) Concurrent Scan Root Regions
[2024-01-02T10:51:53.047+0900][gc,marking   ] GC(2) Concurrent Scan Root Regions 0.929ms
[2024-01-02T10:51:53.047+0900][gc,marking   ] GC(2) Concurrent Mark (1.722s)
[2024-01-02T10:51:53.047+0900][gc,marking   ] GC(2) Concurrent Mark From Roots
[2024-01-02T10:51:53.047+0900][gc,task      ] GC(2) Using 2 workers of 2 for marking
[2024-01-02T10:51:53.064+0900][gc,marking   ] GC(2) Concurrent Mark From Roots 16.780ms
[2024-01-02T10:51:53.064+0900][gc,marking   ] GC(2) Concurrent Preclean
[2024-01-02T10:51:53.065+0900][gc,marking   ] GC(2) Concurrent Preclean 0.439ms
[2024-01-02T10:51:53.065+0900][gc,marking   ] GC(2) Concurrent Mark (1.722s, 1.739s) 17.502ms
[2024-01-02T10:51:53.065+0900][gc,start     ] GC(2) Pause Remark
[2024-01-02T10:51:53.068+0900][gc,stringtable] GC(2) Cleaned string and symbol table, strings: 5444 processed, 0 removed, symbols: 51267 processed, 43 removed
[2024-01-02T10:51:53.069+0900][gc            ] GC(2) Pause Remark 139M->139M(1024M) 3.773ms
[2024-01-02T10:51:53.069+0900][gc,cpu        ] GC(2) User=0.02s Sys=0.01s Real=0.00s
[2024-01-02T10:51:53.069+0900][gc,marking    ] GC(2) Concurrent Rebuild Remembered Sets
[2024-01-02T10:51:53.073+0900][gc,marking    ] GC(2) Concurrent Rebuild Remembered Sets 3.482ms
[2024-01-02T10:51:53.073+0900][gc,start      ] GC(2) Pause Cleanup
[2024-01-02T10:51:53.074+0900][gc            ] GC(2) Pause Cleanup 139M->139M(1024M) 0.368ms
[2024-01-02T10:51:53.074+0900][gc,cpu        ] GC(2) User=0.01s Sys=0.00s Real=0.00s
[2024-01-02T10:51:53.074+0900][gc,marking    ] GC(2) Concurrent Cleanup for Next Mark
[2024-01-02T10:51:53.078+0900][gc,marking    ] GC(2) Concurrent Cleanup for Next Mark 4.706ms
[2024-01-02T10:51:53.079+0900][gc            ] GC(2) Concurrent Cycle 32.538ms
[2024-01-02T10:51:53.827+0900][gc,start      ] GC(3) Pause Young (Concurrent Start) (G1 Evacuation Pause)
[2024-01-02T10:51:53.827+0900][gc,task       ] GC(3) Using 8 workers of 8 for evacuation
[2024-01-02T10:51:53.836+0900][gc,phases     ] GC(3)   Pre Evacuate Collection Set: 0.1ms
[2024-01-02T10:51:53.836+0900][gc,phases     ] GC(3)   Evacuate Collection Set: 7.3ms
[2024-01-02T10:51:53.836+0900][gc,phases     ] GC(3)   Post Evacuate Collection Set: 0.8ms
[2024-01-02T10:51:53.836+0900][gc,phases     ] GC(3)   Other: 0.3ms
[2024-01-02T10:51:53.836+0900][gc,heap       ] GC(3) Eden regions: 49->0(45)
[2024-01-02T10:51:53.836+0900][gc,heap       ] GC(3) Survivor regions: 2->6(7)
[2024-01-02T10:51:53.836+0900][gc,heap       ] GC(3) Old regions: 9->9
[2024-01-02T10:51:53.836+0900][gc,heap       ] GC(3) Humongous regions: 129->129
[2024-01-02T10:51:53.836+0900][gc,metaspace  ] GC(3) Metaspace: 30011K(31232K)->30011K(31232K) NonClass: 26447K(27136K)->26447K(27136K) Class: 3563K(4096K)->3563K(4096K)
[2024-01-02T10:51:53.836+0900][gc            ] GC(3) Pause Young (Concurrent Start) (G1 Evacuation Pause) 186M->141M(1024M) 8.611ms
[2024-01-02T10:51:53.836+0900][gc,cpu        ] GC(3) User=0.04s Sys=0.00s Real=0.01s
[2024-01-02T10:51:53.836+0900][gc            ] GC(4) Concurrent Cycle
[2024-01-02T10:51:53.836+0900][gc,marking    ] GC(4) Concurrent Clear Claimed Marks
[2024-01-02T10:51:53.836+0900][gc,marking    ] GC(4) Concurrent Clear Claimed Marks 0.148ms
[2024-01-02T10:51:53.836+0900][gc,marking    ] GC(4) Concurrent Scan Root Regions
[2024-01-02T10:51:53.839+0900][gc,marking    ] GC(4) Concurrent Scan Root Regions 3.356ms
[2024-01-02T10:51:53.840+0900][gc,marking    ] GC(4) Concurrent Mark (2.514s)
[2024-01-02T10:51:53.840+0900][gc,marking    ] GC(4) Concurrent Mark From Roots
[2024-01-02T10:51:53.840+0900][gc,task       ] GC(4) Using 2 workers of 2 for marking
[2024-01-02T10:51:53.847+0900][gc,marking    ] GC(4) Concurrent Mark From Roots 7.771ms
[2024-01-02T10:51:53.847+0900][gc,marking    ] GC(4) Concurrent Preclean
[2024-01-02T10:51:53.848+0900][gc,marking    ] GC(4) Concurrent Preclean 0.177ms
[2024-01-02T10:51:53.848+0900][gc,marking    ] GC(4) Concurrent Mark (2.514s, 2.522s) 8.023ms
[2024-01-02T10:51:53.848+0900][gc,start      ] GC(4) Pause Remark
[2024-01-02T10:51:53.851+0900][gc,stringtable] GC(4) Cleaned string and symbol table, strings: 10134 processed, 8 removed, symbols: 73978 processed, 18 removed
[2024-01-02T10:51:53.852+0900][gc            ] GC(4) Pause Remark 142M->142M(1024M) 3.798ms
[2024-01-02T10:51:53.852+0900][gc,cpu        ] GC(4) User=0.01s Sys=0.00s Real=0.00s
[2024-01-02T10:51:53.852+0900][gc,marking    ] GC(4) Concurrent Rebuild Remembered Sets
[2024-01-02T10:51:53.857+0900][gc,marking    ] GC(4) Concurrent Rebuild Remembered Sets 4.715ms
[2024-01-02T10:51:53.857+0900][gc,start      ] GC(4) Pause Cleanup
[2024-01-02T10:51:53.857+0900][gc            ] GC(4) Pause Cleanup 143M->143M(1024M) 0.359ms
[2024-01-02T10:51:53.857+0900][gc,cpu        ] GC(4) User=0.00s Sys=0.00s Real=0.00s
[2024-01-02T10:51:53.858+0900][gc,marking    ] GC(4) Concurrent Cleanup for Next Mark
[2024-01-02T10:51:53.873+0900][gc,marking    ] GC(4) Concurrent Cleanup for Next Mark 15.925ms
[2024-01-02T10:51:53.874+0900][gc            ] GC(4) Concurrent Cycle 37.672ms
[2024-01-02T10:52:04.546+0900][gc,start      ] GC(5) Pause Young (Normal) (G1 Evacuation Pause)
[2024-01-02T10:52:04.546+0900][gc,task       ] GC(5) Using 8 workers of 8 for evacuation
[2024-01-02T10:52:04.557+0900][gc,phases     ] GC(5)   Pre Evacuate Collection Set: 0.0ms
[2024-01-02T10:52:04.557+0900][gc,phases     ] GC(5)   Evacuate Collection Set: 9.4ms
[2024-01-02T10:52:04.557+0900][gc,phases     ] GC(5)   Post Evacuate Collection Set: 0.9ms
[2024-01-02T10:52:04.557+0900][gc,phases     ] GC(5)   Other: 0.2ms
[2024-01-02T10:52:04.557+0900][gc,heap       ] GC(5) Eden regions: 45->0(49)
[2024-01-02T10:52:04.557+0900][gc,heap       ] GC(5) Survivor regions: 6->2(7)
[2024-01-02T10:52:04.557+0900][gc,heap       ] GC(5) Old regions: 9->14
[2024-01-02T10:52:04.557+0900][gc,heap       ] GC(5) Humongous regions: 129->129
[2024-01-02T10:52:04.557+0900][gc,metaspace  ] GC(5) Metaspace: 35571K(37760K)->35571K(37760K) NonClass: 31068K(32256K)->31068K(32256K) Class: 4502K(5504K)->4502K(5504K)
[2024-01-02T10:52:04.557+0900][gc            ] GC(5) Pause Young (Normal) (G1 Evacuation Pause) 186M->142M(1024M) 10.741ms
[2024-01-02T10:52:04.557+0900][gc,cpu        ] GC(5) User=0.03s Sys=0.03s Real=0.01s
[2024-01-02T10:53:53.090+0900][gc,start      ] GC(6) Pause Young (Normal) (G1 Evacuation Pause)
[2024-01-02T10:53:53.090+0900][gc,task       ] GC(6) Using 8 workers of 8 for evacuation
[2024-01-02T10:53:53.099+0900][gc,phases     ] GC(6)   Pre Evacuate Collection Set: 0.2ms
[2024-01-02T10:53:53.099+0900][gc,phases     ] GC(6)   Evacuate Collection Set: 6.0ms
[2024-01-02T10:53:53.099+0900][gc,phases     ] GC(6)   Post Evacuate Collection Set: 1.9ms
[2024-01-02T10:53:53.099+0900][gc,phases     ] GC(6)   Other: 0.6ms
[2024-01-02T10:53:53.099+0900][gc,heap       ] GC(6) Eden regions: 49->0(48)
[2024-01-02T10:53:53.099+0900][gc,heap       ] GC(6) Survivor regions: 2->3(7)
[2024-01-02T10:53:53.099+0900][gc,heap       ] GC(6) Old regions: 14->14
[2024-01-02T10:53:53.099+0900][gc,heap       ] GC(6) Humongous regions: 129->129
[2024-01-02T10:53:53.099+0900][gc,metaspace  ] GC(6) Metaspace: 37758K(40064K)->37758K(40064K) NonClass: 32875K(34048K)->32875K(34048K) Class: 4883K(6016K)->4883K(6016K)
[2024-01-02T10:53:53.099+0900][gc            ] GC(6) Pause Young (Normal) (G1 Evacuation Pause) 191M->143M(1024M) 8.873ms
[2024-01-02T10:53:53.099+0900][gc,cpu        ] GC(6) User=0.04s Sys=0.00s Real=0.01s
[2024-01-02T10:55:53.198+0900][gc,heap,exit  ] Heap
[2024-01-02T10:55:53.198+0900][gc,heap,exit  ]  garbage-first heap   total 1048576K, used 159672K [0x00000000c0000000, 0x0000000100000000)
[2024-01-02T10:55:53.198+0900][gc,heap,exit  ]   region size 1024K, 17 young (17408K), 3 survivors (3072K)
[2024-01-02T10:55:53.198+0900][gc,heap,exit  ]  Metaspace       used 38468K, capacity 40818K, committed 41088K, reserved 1083392K
[2024-01-02T10:55:53.198+0900][gc,heap,exit  ]   class space    used 5022K, capacity 6178K, committed 6272K, reserved 1048576K
