[2024-01-02T10:36:00.183+0900][gc,heap] Heap region size: 1M
[2024-01-02T10:36:00.192+0900][gc     ] Using G1
[2024-01-02T10:36:00.192+0900][gc,heap,coops] Heap address: 0x00000000c0000000, size: 1024 MB, Compressed Oops mode: 32-bit
[2024-01-02T10:36:00.193+0900][gc,cds       ] Mark closed archive regions in map: [0x00000000fff00000, 0x00000000fff6bff8]
[2024-01-02T10:36:00.193+0900][gc,cds       ] Mark open archive regions in map: [0x00000000ffe00000, 0x00000000ffe47ff8]
[2024-01-02T10:36:01.259+0900][gc,start     ] GC(0) Pause Young (Normal) (G1 Evacuation Pause)
[2024-01-02T10:36:01.260+0900][gc,task      ] GC(0) Using 8 workers of 8 for evacuation
[2024-01-02T10:36:01.274+0900][gc,phases    ] GC(0)   Pre Evacuate Collection Set: 0.0ms
[2024-01-02T10:36:01.274+0900][gc,phases    ] GC(0)   Evacuate Collection Set: 12.2ms
[2024-01-02T10:36:01.274+0900][gc,phases    ] GC(0)   Post Evacuate Collection Set: 1.1ms
[2024-01-02T10:36:01.274+0900][gc,phases    ] GC(0)   Other: 1.7ms
[2024-01-02T10:36:01.274+0900][gc,heap      ] GC(0) Eden regions: 51->0(44)
[2024-01-02T10:36:01.274+0900][gc,heap      ] GC(0) Survivor regions: 0->7(7)
[2024-01-02T10:36:01.274+0900][gc,heap      ] GC(0) Old regions: 2->2
[2024-01-02T10:36:01.274+0900][gc,heap      ] GC(0) Humongous regions: 0->0
[2024-01-02T10:36:01.274+0900][gc,metaspace ] GC(0) Metaspace: 15978K(16512K)->15978K(16512K) NonClass: 14033K(14336K)->14033K(14336K) Class: 1944K(2176K)->1944K(2176K)
[2024-01-02T10:36:01.274+0900][gc           ] GC(0) Pause Young (Normal) (G1 Evacuation Pause) 51M->7M(1024M) 15.145ms
[2024-01-02T10:36:01.274+0900][gc,cpu       ] GC(0) User=0.03s Sys=0.07s Real=0.01s
[2024-01-02T10:36:01.586+0900][gc,start     ] GC(1) Pause Young (Concurrent Start) (Metadata GC Threshold)
[2024-01-02T10:36:01.586+0900][gc,task      ] GC(1) Using 8 workers of 8 for evacuation
[2024-01-02T10:36:01.597+0900][gc,phases    ] GC(1)   Pre Evacuate Collection Set: 0.1ms
[2024-01-02T10:36:01.597+0900][gc,phases    ] GC(1)   Evacuate Collection Set: 9.7ms
[2024-01-02T10:36:01.597+0900][gc,phases    ] GC(1)   Post Evacuate Collection Set: 0.9ms
[2024-01-02T10:36:01.597+0900][gc,phases    ] GC(1)   Other: 0.4ms
[2024-01-02T10:36:01.597+0900][gc,heap      ] GC(1) Eden regions: 20->0(49)
[2024-01-02T10:36:01.597+0900][gc,heap      ] GC(1) Survivor regions: 7->2(7)
[2024-01-02T10:36:01.597+0900][gc,heap      ] GC(1) Old regions: 2->9
[2024-01-02T10:36:01.597+0900][gc,heap      ] GC(1) Humongous regions: 129->129
[2024-01-02T10:36:01.597+0900][gc,metaspace ] GC(1) Metaspace: 20539K(21248K)->20539K(21248K) NonClass: 18015K(18432K)->18015K(18432K) Class: 2523K(2816K)->2523K(2816K)
[2024-01-02T10:36:01.597+0900][gc           ] GC(1) Pause Young (Concurrent Start) (Metadata GC Threshold) 155M->137M(1024M) 11.273ms
[2024-01-02T10:36:01.597+0900][gc,cpu       ] GC(1) User=0.05s Sys=0.00s Real=0.01s
[2024-01-02T10:36:01.597+0900][gc           ] GC(2) Concurrent Cycle
[2024-01-02T10:36:01.597+0900][gc,marking   ] GC(2) Concurrent Clear Claimed Marks
[2024-01-02T10:36:01.597+0900][gc,marking   ] GC(2) Concurrent Clear Claimed Marks 0.047ms
[2024-01-02T10:36:01.597+0900][gc,marking   ] GC(2) Concurrent Scan Root Regions
[2024-01-02T10:36:01.599+0900][gc,marking   ] GC(2) Concurrent Scan Root Regions 1.151ms
[2024-01-02T10:36:01.599+0900][gc,marking   ] GC(2) Concurrent Mark (1.418s)
[2024-01-02T10:36:01.599+0900][gc,marking   ] GC(2) Concurrent Mark From Roots
[2024-01-02T10:36:01.599+0900][gc,task      ] GC(2) Using 2 workers of 2 for marking
[2024-01-02T10:36:01.617+0900][gc,marking   ] GC(2) Concurrent Mark From Roots 18.457ms
[2024-01-02T10:36:01.617+0900][gc,marking   ] GC(2) Concurrent Preclean
[2024-01-02T10:36:01.617+0900][gc,marking   ] GC(2) Concurrent Preclean 0.245ms
[2024-01-02T10:36:01.617+0900][gc,marking   ] GC(2) Concurrent Mark (1.418s, 1.437s) 18.853ms
[2024-01-02T10:36:01.618+0900][gc,start     ] GC(2) Pause Remark
[2024-01-02T10:36:01.620+0900][gc,stringtable] GC(2) Cleaned string and symbol table, strings: 5431 processed, 0 removed, symbols: 51213 processed, 43 removed
[2024-01-02T10:36:01.621+0900][gc            ] GC(2) Pause Remark 138M->138M(1024M) 2.549ms
[2024-01-02T10:36:01.621+0900][gc,cpu        ] GC(2) User=0.01s Sys=0.00s Real=0.00s
[2024-01-02T10:36:01.621+0900][gc,marking    ] GC(2) Concurrent Rebuild Remembered Sets
[2024-01-02T10:36:01.624+0900][gc,marking    ] GC(2) Concurrent Rebuild Remembered Sets 3.586ms
[2024-01-02T10:36:01.625+0900][gc,start      ] GC(2) Pause Cleanup
[2024-01-02T10:36:01.625+0900][gc            ] GC(2) Pause Cleanup 139M->139M(1024M) 0.529ms
[2024-01-02T10:36:01.626+0900][gc,cpu        ] GC(2) User=0.00s Sys=0.00s Real=0.01s
[2024-01-02T10:36:01.626+0900][gc,marking    ] GC(2) Concurrent Cleanup for Next Mark
[2024-01-02T10:36:01.631+0900][gc,marking    ] GC(2) Concurrent Cleanup for Next Mark 4.972ms
[2024-01-02T10:36:01.631+0900][gc            ] GC(2) Concurrent Cycle 33.375ms
[2024-01-02T10:36:02.243+0900][gc,start      ] GC(3) Pause Young (Concurrent Start) (G1 Evacuation Pause)
[2024-01-02T10:36:02.243+0900][gc,task       ] GC(3) Using 8 workers of 8 for evacuation
[2024-01-02T10:36:02.249+0900][gc,phases     ] GC(3)   Pre Evacuate Collection Set: 0.1ms
[2024-01-02T10:36:02.249+0900][gc,phases     ] GC(3)   Evacuate Collection Set: 4.5ms
[2024-01-02T10:36:02.249+0900][gc,phases     ] GC(3)   Post Evacuate Collection Set: 0.8ms
[2024-01-02T10:36:02.249+0900][gc,phases     ] GC(3)   Other: 0.3ms
[2024-01-02T10:36:02.249+0900][gc,heap       ] GC(3) Eden regions: 49->0(45)
[2024-01-02T10:36:02.249+0900][gc,heap       ] GC(3) Survivor regions: 2->6(7)
[2024-01-02T10:36:02.249+0900][gc,heap       ] GC(3) Old regions: 9->9
[2024-01-02T10:36:02.249+0900][gc,heap       ] GC(3) Humongous regions: 129->129
[2024-01-02T10:36:02.249+0900][gc,metaspace  ] GC(3) Metaspace: 29849K(31232K)->29849K(31232K) NonClass: 26312K(27136K)->26312K(27136K) Class: 3537K(4096K)->3537K(4096K)
[2024-01-02T10:36:02.249+0900][gc            ] GC(3) Pause Young (Concurrent Start) (G1 Evacuation Pause) 186M->141M(1024M) 5.748ms
[2024-01-02T10:36:02.249+0900][gc,cpu        ] GC(3) User=0.03s Sys=0.00s Real=0.01s
[2024-01-02T10:36:02.249+0900][gc            ] GC(4) Concurrent Cycle
[2024-01-02T10:36:02.249+0900][gc,marking    ] GC(4) Concurrent Clear Claimed Marks
[2024-01-02T10:36:02.249+0900][gc,marking    ] GC(4) Concurrent Clear Claimed Marks 0.087ms
[2024-01-02T10:36:02.249+0900][gc,marking    ] GC(4) Concurrent Scan Root Regions
[2024-01-02T10:36:02.256+0900][gc,marking    ] GC(4) Concurrent Scan Root Regions 6.555ms
[2024-01-02T10:36:02.256+0900][gc,marking    ] GC(4) Concurrent Mark (2.075s)
[2024-01-02T10:36:02.256+0900][gc,marking    ] GC(4) Concurrent Mark From Roots
[2024-01-02T10:36:02.256+0900][gc,task       ] GC(4) Using 2 workers of 2 for marking
[2024-01-02T10:36:02.266+0900][gc,marking    ] GC(4) Concurrent Mark From Roots 10.024ms
[2024-01-02T10:36:02.266+0900][gc,marking    ] GC(4) Concurrent Preclean
[2024-01-02T10:36:02.266+0900][gc,marking    ] GC(4) Concurrent Preclean 0.178ms
[2024-01-02T10:36:02.266+0900][gc,marking    ] GC(4) Concurrent Mark (2.075s, 2.086s) 10.343ms
[2024-01-02T10:36:02.267+0900][gc,start      ] GC(4) Pause Remark
[2024-01-02T10:36:02.269+0900][gc,stringtable] GC(4) Cleaned string and symbol table, strings: 10089 processed, 8 removed, symbols: 73850 processed, 19 removed
[2024-01-02T10:36:02.270+0900][gc            ] GC(4) Pause Remark 142M->142M(1024M) 2.705ms
[2024-01-02T10:36:02.270+0900][gc,cpu        ] GC(4) User=0.01s Sys=0.00s Real=0.00s
[2024-01-02T10:36:02.270+0900][gc,marking    ] GC(4) Concurrent Rebuild Remembered Sets
[2024-01-02T10:36:02.274+0900][gc,marking    ] GC(4) Concurrent Rebuild Remembered Sets 4.562ms
[2024-01-02T10:36:02.275+0900][gc,start      ] GC(4) Pause Cleanup
[2024-01-02T10:36:02.275+0900][gc            ] GC(4) Pause Cleanup 143M->143M(1024M) 0.469ms
[2024-01-02T10:36:02.275+0900][gc,cpu        ] GC(4) User=0.01s Sys=0.00s Real=0.01s
[2024-01-02T10:36:02.276+0900][gc,marking    ] GC(4) Concurrent Cleanup for Next Mark
[2024-01-02T10:36:02.286+0900][gc,marking    ] GC(4) Concurrent Cleanup for Next Mark 10.626ms
[2024-01-02T10:36:02.286+0900][gc            ] GC(4) Concurrent Cycle 37.270ms
[2024-01-02T10:36:53.991+0900][gc,start      ] GC(5) Pause Young (Normal) (G1 Evacuation Pause)
[2024-01-02T10:36:53.991+0900][gc,task       ] GC(5) Using 8 workers of 8 for evacuation
[2024-01-02T10:36:54.005+0900][gc,phases     ] GC(5)   Pre Evacuate Collection Set: 0.1ms
[2024-01-02T10:36:54.005+0900][gc,phases     ] GC(5)   Evacuate Collection Set: 12.6ms
[2024-01-02T10:36:54.005+0900][gc,phases     ] GC(5)   Post Evacuate Collection Set: 1.3ms
[2024-01-02T10:36:54.005+0900][gc,phases     ] GC(5)   Other: 0.3ms
[2024-01-02T10:36:54.005+0900][gc,heap       ] GC(5) Eden regions: 45->0(49)
[2024-01-02T10:36:54.005+0900][gc,heap       ] GC(5) Survivor regions: 6->2(7)
[2024-01-02T10:36:54.005+0900][gc,heap       ] GC(5) Old regions: 9->14
[2024-01-02T10:36:54.005+0900][gc,heap       ] GC(5) Humongous regions: 139->129
[2024-01-02T10:36:54.005+0900][gc,metaspace  ] GC(5) Metaspace: 35676K(37888K)->35676K(37888K) NonClass: 31096K(32256K)->31096K(32256K) Class: 4579K(5632K)->4579K(5632K)
[2024-01-02T10:36:54.005+0900][gc            ] GC(5) Pause Young (Normal) (G1 Evacuation Pause) 196M->142M(1024M) 14.433ms
[2024-01-02T10:36:54.005+0900][gc,cpu        ] GC(5) User=0.05s Sys=0.04s Real=0.01s
[2024-01-02T10:39:38.617+0900][gc,heap,exit  ] Heap
[2024-01-02T10:39:38.617+0900][gc,heap,exit  ]  garbage-first heap   total 1048576K, used 189145K [0x00000000c0000000, 0x0000000100000000)
[2024-01-02T10:39:38.617+0900][gc,heap,exit  ]   region size 1024K, 45 young (46080K), 2 survivors (2048K)
[2024-01-02T10:39:38.617+0900][gc,heap,exit  ]  Metaspace       used 38858K, capacity 41360K, committed 41600K, reserved 1085440K
[2024-01-02T10:39:38.617+0900][gc,heap,exit  ]   class space    used 5184K, capacity 6434K, committed 6528K, reserved 1048576K
