[2024-01-02T14:04:34.472+0900][gc,heap] Heap region size: 1M
[2024-01-02T14:04:34.481+0900][gc     ] Using G1
[2024-01-02T14:04:34.481+0900][gc,heap,coops] Heap address: 0x00000000c0000000, size: 1024 MB, Compressed Oops mode: 32-bit
[2024-01-02T14:04:34.481+0900][gc,cds       ] Mark closed archive regions in map: [0x00000000fff00000, 0x00000000fff6bff8]
[2024-01-02T14:04:34.481+0900][gc,cds       ] Mark open archive regions in map: [0x00000000ffe00000, 0x00000000ffe47ff8]
[2024-01-02T14:04:35.565+0900][gc,start     ] GC(0) Pause Young (Normal) (G1 Evacuation Pause)
[2024-01-02T14:04:35.566+0900][gc,task      ] GC(0) Using 8 workers of 8 for evacuation
[2024-01-02T14:04:35.580+0900][gc,phases    ] GC(0)   Pre Evacuate Collection Set: 0.0ms
[2024-01-02T14:04:35.580+0900][gc,phases    ] GC(0)   Evacuate Collection Set: 12.4ms
[2024-01-02T14:04:35.580+0900][gc,phases    ] GC(0)   Post Evacuate Collection Set: 0.8ms
[2024-01-02T14:04:35.580+0900][gc,phases    ] GC(0)   Other: 1.5ms
[2024-01-02T14:04:35.580+0900][gc,heap      ] GC(0) Eden regions: 51->0(44)
[2024-01-02T14:04:35.580+0900][gc,heap      ] GC(0) Survivor regions: 0->7(7)
[2024-01-02T14:04:35.580+0900][gc,heap      ] GC(0) Old regions: 2->2
[2024-01-02T14:04:35.580+0900][gc,heap      ] GC(0) Humongous regions: 0->0
[2024-01-02T14:04:35.580+0900][gc,metaspace ] GC(0) Metaspace: 15963K(16768K)->15963K(16768K) NonClass: 14019K(14592K)->14019K(14592K) Class: 1944K(2176K)->1944K(2176K)
[2024-01-02T14:04:35.580+0900][gc           ] GC(0) Pause Young (Normal) (G1 Evacuation Pause) 51M->7M(1024M) 14.932ms
[2024-01-02T14:04:35.580+0900][gc,cpu       ] GC(0) User=0.07s Sys=0.02s Real=0.02s
[2024-01-02T14:04:35.921+0900][gc,start     ] GC(1) Pause Young (Concurrent Start) (Metadata GC Threshold)
[2024-01-02T14:04:35.921+0900][gc,task      ] GC(1) Using 8 workers of 8 for evacuation
[2024-01-02T14:04:35.932+0900][gc,phases    ] GC(1)   Pre Evacuate Collection Set: 0.1ms
[2024-01-02T14:04:35.933+0900][gc,phases    ] GC(1)   Evacuate Collection Set: 10.3ms
[2024-01-02T14:04:35.933+0900][gc,phases    ] GC(1)   Post Evacuate Collection Set: 0.8ms
[2024-01-02T14:04:35.933+0900][gc,phases    ] GC(1)   Other: 0.2ms
[2024-01-02T14:04:35.933+0900][gc,heap      ] GC(1) Eden regions: 21->0(49)
[2024-01-02T14:04:35.933+0900][gc,heap      ] GC(1) Survivor regions: 7->2(7)
[2024-01-02T14:04:35.933+0900][gc,heap      ] GC(1) Old regions: 2->9
[2024-01-02T14:04:35.933+0900][gc,heap      ] GC(1) Humongous regions: 129->129
[2024-01-02T14:04:35.933+0900][gc,metaspace ] GC(1) Metaspace: 20596K(21248K)->20596K(21248K) NonClass: 18065K(18432K)->18065K(18432K) Class: 2530K(2816K)->2530K(2816K)
[2024-01-02T14:04:35.933+0900][gc           ] GC(1) Pause Young (Concurrent Start) (Metadata GC Threshold) 156M->137M(1024M) 11.490ms
[2024-01-02T14:04:35.933+0900][gc,cpu       ] GC(1) User=0.05s Sys=0.00s Real=0.01s
[2024-01-02T14:04:35.933+0900][gc           ] GC(2) Concurrent Cycle
[2024-01-02T14:04:35.933+0900][gc,marking   ] GC(2) Concurrent Clear Claimed Marks
[2024-01-02T14:04:35.933+0900][gc,marking   ] GC(2) Concurrent Clear Claimed Marks 0.068ms
[2024-01-02T14:04:35.933+0900][gc,marking   ] GC(2) Concurrent Scan Root Regions
[2024-01-02T14:04:35.934+0900][gc,marking   ] GC(2) Concurrent Scan Root Regions 1.585ms
[2024-01-02T14:04:35.935+0900][gc,marking   ] GC(2) Concurrent Mark (1.465s)
[2024-01-02T14:04:35.935+0900][gc,marking   ] GC(2) Concurrent Mark From Roots
[2024-01-02T14:04:35.935+0900][gc,task      ] GC(2) Using 2 workers of 2 for marking
[2024-01-02T14:04:35.951+0900][gc,marking   ] GC(2) Concurrent Mark From Roots 16.059ms
[2024-01-02T14:04:35.951+0900][gc,marking   ] GC(2) Concurrent Preclean
[2024-01-02T14:04:35.951+0900][gc,marking   ] GC(2) Concurrent Preclean 0.194ms
[2024-01-02T14:04:35.951+0900][gc,marking   ] GC(2) Concurrent Mark (1.465s, 1.482s) 16.429ms
[2024-01-02T14:04:35.951+0900][gc,start     ] GC(2) Pause Remark
[2024-01-02T14:04:35.953+0900][gc,stringtable] GC(2) Cleaned string and symbol table, strings: 5450 processed, 0 removed, symbols: 51290 processed, 43 removed
[2024-01-02T14:04:35.954+0900][gc            ] GC(2) Pause Remark 139M->139M(1024M) 2.382ms
[2024-01-02T14:04:35.954+0900][gc,cpu        ] GC(2) User=0.00s Sys=0.00s Real=0.00s
[2024-01-02T14:04:35.954+0900][gc,marking    ] GC(2) Concurrent Rebuild Remembered Sets
[2024-01-02T14:04:35.958+0900][gc,marking    ] GC(2) Concurrent Rebuild Remembered Sets 3.621ms
[2024-01-02T14:04:35.958+0900][gc,start      ] GC(2) Pause Cleanup
[2024-01-02T14:04:35.958+0900][gc            ] GC(2) Pause Cleanup 139M->139M(1024M) 0.357ms
[2024-01-02T14:04:35.958+0900][gc,cpu        ] GC(2) User=0.00s Sys=0.00s Real=0.00s
[2024-01-02T14:04:35.958+0900][gc,marking    ] GC(2) Concurrent Cleanup for Next Mark
[2024-01-02T14:04:35.962+0900][gc,marking    ] GC(2) Concurrent Cleanup for Next Mark 3.073ms
[2024-01-02T14:04:35.962+0900][gc            ] GC(2) Concurrent Cycle 28.860ms
[2024-01-02T14:04:36.583+0900][gc,start      ] GC(3) Pause Young (Concurrent Start) (G1 Evacuation Pause)
[2024-01-02T14:04:36.583+0900][gc,task       ] GC(3) Using 8 workers of 8 for evacuation
[2024-01-02T14:04:36.590+0900][gc,phases     ] GC(3)   Pre Evacuate Collection Set: 0.1ms
[2024-01-02T14:04:36.590+0900][gc,phases     ] GC(3)   Evacuate Collection Set: 6.6ms
[2024-01-02T14:04:36.590+0900][gc,phases     ] GC(3)   Post Evacuate Collection Set: 0.6ms
[2024-01-02T14:04:36.591+0900][gc,phases     ] GC(3)   Other: 0.3ms
[2024-01-02T14:04:36.591+0900][gc,heap       ] GC(3) Eden regions: 49->0(45)
[2024-01-02T14:04:36.591+0900][gc,heap       ] GC(3) Survivor regions: 2->6(7)
[2024-01-02T14:04:36.591+0900][gc,heap       ] GC(3) Old regions: 9->9
[2024-01-02T14:04:36.591+0900][gc,heap       ] GC(3) Humongous regions: 129->129
[2024-01-02T14:04:36.591+0900][gc,metaspace  ] GC(3) Metaspace: 29969K(31232K)->29969K(31232K) NonClass: 26412K(27136K)->26412K(27136K) Class: 3557K(4096K)->3557K(4096K)
[2024-01-02T14:04:36.591+0900][gc            ] GC(3) Pause Young (Concurrent Start) (G1 Evacuation Pause) 186M->141M(1024M) 7.787ms
[2024-01-02T14:04:36.591+0900][gc,cpu        ] GC(3) User=0.04s Sys=0.00s Real=0.01s
[2024-01-02T14:04:36.591+0900][gc            ] GC(4) Concurrent Cycle
[2024-01-02T14:04:36.591+0900][gc,marking    ] GC(4) Concurrent Clear Claimed Marks
[2024-01-02T14:04:36.591+0900][gc,marking    ] GC(4) Concurrent Clear Claimed Marks 0.043ms
[2024-01-02T14:04:36.591+0900][gc,marking    ] GC(4) Concurrent Scan Root Regions
[2024-01-02T14:04:36.593+0900][gc,marking    ] GC(4) Concurrent Scan Root Regions 2.680ms
[2024-01-02T14:04:36.593+0900][gc,marking    ] GC(4) Concurrent Mark (2.124s)
[2024-01-02T14:04:36.593+0900][gc,marking    ] GC(4) Concurrent Mark From Roots
[2024-01-02T14:04:36.593+0900][gc,task       ] GC(4) Using 2 workers of 2 for marking
[2024-01-02T14:04:36.605+0900][gc,marking    ] GC(4) Concurrent Mark From Roots 11.457ms
[2024-01-02T14:04:36.605+0900][gc,marking    ] GC(4) Concurrent Preclean
[2024-01-02T14:04:36.605+0900][gc,marking    ] GC(4) Concurrent Preclean 0.232ms
[2024-01-02T14:04:36.605+0900][gc,marking    ] GC(4) Concurrent Mark (2.124s, 2.136s) 11.846ms
[2024-01-02T14:04:36.606+0900][gc,start      ] GC(4) Pause Remark
[2024-01-02T14:04:36.611+0900][gc,stringtable] GC(4) Cleaned string and symbol table, strings: 10126 processed, 8 removed, symbols: 74029 processed, 18 removed
[2024-01-02T14:04:36.611+0900][gc            ] GC(4) Pause Remark 142M->142M(1024M) 5.197ms
[2024-01-02T14:04:36.611+0900][gc,cpu        ] GC(4) User=0.05s Sys=0.00s Real=0.01s
[2024-01-02T14:04:36.611+0900][gc,marking    ] GC(4) Concurrent Rebuild Remembered Sets
[2024-01-02T14:04:36.617+0900][gc,marking    ] GC(4) Concurrent Rebuild Remembered Sets 5.608ms
[2024-01-02T14:04:36.617+0900][gc,start      ] GC(4) Pause Cleanup
[2024-01-02T14:04:36.618+0900][gc            ] GC(4) Pause Cleanup 143M->143M(1024M) 0.444ms
[2024-01-02T14:04:36.618+0900][gc,cpu        ] GC(4) User=0.00s Sys=0.00s Real=0.00s
[2024-01-02T14:04:36.618+0900][gc,marking    ] GC(4) Concurrent Cleanup for Next Mark
[2024-01-02T14:04:36.629+0900][gc,marking    ] GC(4) Concurrent Cleanup for Next Mark 10.584ms
[2024-01-02T14:04:36.629+0900][gc            ] GC(4) Concurrent Cycle 38.163ms
[2024-01-02T14:05:10.637+0900][gc,start      ] GC(5) Pause Young (Normal) (G1 Evacuation Pause)
[2024-01-02T14:05:10.637+0900][gc,task       ] GC(5) Using 8 workers of 8 for evacuation
[2024-01-02T14:05:10.646+0900][gc,phases     ] GC(5)   Pre Evacuate Collection Set: 0.0ms
[2024-01-02T14:05:10.646+0900][gc,phases     ] GC(5)   Evacuate Collection Set: 7.7ms
[2024-01-02T14:05:10.646+0900][gc,phases     ] GC(5)   Post Evacuate Collection Set: 1.1ms
[2024-01-02T14:05:10.646+0900][gc,phases     ] GC(5)   Other: 0.2ms
[2024-01-02T14:05:10.646+0900][gc,heap       ] GC(5) Eden regions: 45->0(48)
[2024-01-02T14:05:10.646+0900][gc,heap       ] GC(5) Survivor regions: 6->3(7)
[2024-01-02T14:05:10.646+0900][gc,heap       ] GC(5) Old regions: 9->14
[2024-01-02T14:05:10.646+0900][gc,heap       ] GC(5) Humongous regions: 129->129
[2024-01-02T14:05:10.646+0900][gc,metaspace  ] GC(5) Metaspace: 36704K(38784K)->36704K(38784K) NonClass: 31986K(33024K)->31986K(33024K) Class: 4717K(5760K)->4717K(5760K)
[2024-01-02T14:05:10.646+0900][gc            ] GC(5) Pause Young (Normal) (G1 Evacuation Pause) 186M->143M(1024M) 9.195ms
[2024-01-02T14:05:10.646+0900][gc,cpu        ] GC(5) User=0.02s Sys=0.04s Real=0.01s
[2024-01-02T14:05:38.856+0900][gc,heap,exit  ] Heap
[2024-01-02T14:05:38.857+0900][gc,heap,exit  ]  garbage-first heap   total 1048576K, used 162487K [0x00000000c0000000, 0x0000000100000000)
[2024-01-02T14:05:38.857+0900][gc,heap,exit  ]   region size 1024K, 19 young (19456K), 3 survivors (3072K)
[2024-01-02T14:05:38.857+0900][gc,heap,exit  ]  Metaspace       used 38390K, capacity 40815K, committed 40960K, reserved 1083392K
[2024-01-02T14:05:38.857+0900][gc,heap,exit  ]   class space    used 5117K, capacity 6324K, committed 6400K, reserved 1048576K
