[2024-01-02T10:27:45.446+0900][gc,heap] Heap region size: 1M
[2024-01-02T10:27:45.454+0900][gc     ] Using G1
[2024-01-02T10:27:45.454+0900][gc,heap,coops] Heap address: 0x00000000c0000000, size: 1024 MB, Compressed Oops mode: 32-bit
[2024-01-02T10:27:45.455+0900][gc,cds       ] Mark closed archive regions in map: [0x00000000fff00000, 0x00000000fff6bff8]
[2024-01-02T10:27:45.455+0900][gc,cds       ] Mark open archive regions in map: [0x00000000ffe00000, 0x00000000ffe47ff8]
[2024-01-02T10:27:46.498+0900][gc,start     ] GC(0) Pause Young (Normal) (G1 Evacuation Pause)
[2024-01-02T10:27:46.500+0900][gc,task      ] GC(0) Using 8 workers of 8 for evacuation
[2024-01-02T10:27:46.513+0900][gc,phases    ] GC(0)   Pre Evacuate Collection Set: 0.0ms
[2024-01-02T10:27:46.513+0900][gc,phases    ] GC(0)   Evacuate Collection Set: 12.0ms
[2024-01-02T10:27:46.513+0900][gc,phases    ] GC(0)   Post Evacuate Collection Set: 0.8ms
[2024-01-02T10:27:46.513+0900][gc,phases    ] GC(0)   Other: 1.7ms
[2024-01-02T10:27:46.513+0900][gc,heap      ] GC(0) Eden regions: 51->0(44)
[2024-01-02T10:27:46.513+0900][gc,heap      ] GC(0) Survivor regions: 0->7(7)
[2024-01-02T10:27:46.513+0900][gc,heap      ] GC(0) Old regions: 2->2
[2024-01-02T10:27:46.513+0900][gc,heap      ] GC(0) Humongous regions: 0->0
[2024-01-02T10:27:46.513+0900][gc,metaspace ] GC(0) Metaspace: 15971K(16768K)->15971K(16768K) NonClass: 14027K(14592K)->14027K(14592K) Class: 1944K(2176K)->1944K(2176K)
[2024-01-02T10:27:46.513+0900][gc           ] GC(0) Pause Young (Normal) (G1 Evacuation Pause) 51M->7M(1024M) 14.705ms
[2024-01-02T10:27:46.513+0900][gc,cpu       ] GC(0) User=0.02s Sys=0.08s Real=0.01s
[2024-01-02T10:27:46.805+0900][gc,start     ] GC(1) Pause Young (Concurrent Start) (Metadata GC Threshold)
[2024-01-02T10:27:46.805+0900][gc,task      ] GC(1) Using 8 workers of 8 for evacuation
[2024-01-02T10:27:46.819+0900][gc,phases    ] GC(1)   Pre Evacuate Collection Set: 0.1ms
[2024-01-02T10:27:46.819+0900][gc,phases    ] GC(1)   Evacuate Collection Set: 13.1ms
[2024-01-02T10:27:46.819+0900][gc,phases    ] GC(1)   Post Evacuate Collection Set: 0.8ms
[2024-01-02T10:27:46.819+0900][gc,phases    ] GC(1)   Other: 0.3ms
[2024-01-02T10:27:46.819+0900][gc,heap      ] GC(1) Eden regions: 20->0(50)
[2024-01-02T10:27:46.819+0900][gc,heap      ] GC(1) Survivor regions: 7->1(7)
[2024-01-02T10:27:46.819+0900][gc,heap      ] GC(1) Old regions: 2->9
[2024-01-02T10:27:46.819+0900][gc,heap      ] GC(1) Humongous regions: 0->0
[2024-01-02T10:27:46.819+0900][gc,metaspace ] GC(1) Metaspace: 20517K(21248K)->20517K(21248K) NonClass: 17994K(18432K)->17994K(18432K) Class: 2522K(2816K)->2522K(2816K)
[2024-01-02T10:27:46.819+0900][gc           ] GC(1) Pause Young (Concurrent Start) (Metadata GC Threshold) 26M->7M(1024M) 14.432ms
[2024-01-02T10:27:46.819+0900][gc,cpu       ] GC(1) User=0.04s Sys=0.04s Real=0.02s
[2024-01-02T10:27:46.819+0900][gc           ] GC(2) Concurrent Cycle
[2024-01-02T10:27:46.819+0900][gc,marking   ] GC(2) Concurrent Clear Claimed Marks
[2024-01-02T10:27:46.819+0900][gc,marking   ] GC(2) Concurrent Clear Claimed Marks 0.062ms
[2024-01-02T10:27:46.819+0900][gc,marking   ] GC(2) Concurrent Scan Root Regions
[2024-01-02T10:27:46.821+0900][gc,marking   ] GC(2) Concurrent Scan Root Regions 1.748ms
[2024-01-02T10:27:46.821+0900][gc,marking   ] GC(2) Concurrent Mark (1.378s)
[2024-01-02T10:27:46.821+0900][gc,marking   ] GC(2) Concurrent Mark From Roots
[2024-01-02T10:27:46.822+0900][gc,task      ] GC(2) Using 2 workers of 2 for marking
[2024-01-02T10:27:46.831+0900][gc,marking   ] GC(2) Concurrent Mark From Roots 10.104ms
[2024-01-02T10:27:46.832+0900][gc,marking   ] GC(2) Concurrent Preclean
[2024-01-02T10:27:46.832+0900][gc,marking   ] GC(2) Concurrent Preclean 0.325ms
[2024-01-02T10:27:46.832+0900][gc,marking   ] GC(2) Concurrent Mark (1.378s, 1.389s) 10.630ms
[2024-01-02T10:27:46.870+0900][gc,start     ] GC(2) Pause Remark
[2024-01-02T10:27:46.872+0900][gc,stringtable] GC(2) Cleaned string and symbol table, strings: 5407 processed, 0 removed, symbols: 50491 processed, 45 removed
[2024-01-02T10:27:46.873+0900][gc            ] GC(2) Pause Remark 137M->137M(1024M) 2.517ms
[2024-01-02T10:27:46.873+0900][gc,cpu        ] GC(2) User=0.01s Sys=0.00s Real=0.00s
[2024-01-02T10:27:46.873+0900][gc,marking    ] GC(2) Concurrent Rebuild Remembered Sets
[2024-01-02T10:27:46.877+0900][gc,marking    ] GC(2) Concurrent Rebuild Remembered Sets 3.656ms
[2024-01-02T10:27:46.877+0900][gc,start      ] GC(2) Pause Cleanup
[2024-01-02T10:27:46.877+0900][gc            ] GC(2) Pause Cleanup 137M->137M(1024M) 0.322ms
[2024-01-02T10:27:46.877+0900][gc,cpu        ] GC(2) User=0.00s Sys=0.00s Real=0.00s
[2024-01-02T10:27:46.877+0900][gc,marking    ] GC(2) Concurrent Cleanup for Next Mark
[2024-01-02T10:27:46.889+0900][gc,marking    ] GC(2) Concurrent Cleanup for Next Mark 11.584ms
[2024-01-02T10:27:46.889+0900][gc            ] GC(2) Concurrent Cycle 70.118ms
[2024-01-02T10:27:47.510+0900][gc,start      ] GC(3) Pause Young (Normal) (G1 Evacuation Pause)
[2024-01-02T10:27:47.510+0900][gc,task       ] GC(3) Using 8 workers of 8 for evacuation
[2024-01-02T10:27:47.517+0900][gc,phases     ] GC(3)   Pre Evacuate Collection Set: 0.0ms
[2024-01-02T10:27:47.517+0900][gc,phases     ] GC(3)   Evacuate Collection Set: 6.1ms
[2024-01-02T10:27:47.517+0900][gc,phases     ] GC(3)   Post Evacuate Collection Set: 0.8ms
[2024-01-02T10:27:47.517+0900][gc,phases     ] GC(3)   Other: 0.2ms
[2024-01-02T10:27:47.517+0900][gc,heap       ] GC(3) Eden regions: 50->0(45)
[2024-01-02T10:27:47.517+0900][gc,heap       ] GC(3) Survivor regions: 1->6(7)
[2024-01-02T10:27:47.517+0900][gc,heap       ] GC(3) Old regions: 9->9
[2024-01-02T10:27:47.517+0900][gc,heap       ] GC(3) Humongous regions: 129->129
[2024-01-02T10:27:47.517+0900][gc,metaspace  ] GC(3) Metaspace: 30043K(31232K)->30043K(31232K) NonClass: 26473K(27136K)->26473K(27136K) Class: 3570K(4096K)->3570K(4096K)
[2024-01-02T10:27:47.518+0900][gc            ] GC(3) Pause Young (Normal) (G1 Evacuation Pause) 186M->141M(1024M) 7.389ms
[2024-01-02T10:27:47.518+0900][gc,cpu        ] GC(3) User=0.05s Sys=0.00s Real=0.01s
[2024-01-02T10:28:00.190+0900][gc,start      ] GC(4) Pause Young (Concurrent Start) (Metadata GC Threshold)
[2024-01-02T10:28:00.190+0900][gc,task       ] GC(4) Using 8 workers of 8 for evacuation
[2024-01-02T10:28:00.201+0900][gc,phases     ] GC(4)   Pre Evacuate Collection Set: 0.2ms
[2024-01-02T10:28:00.202+0900][gc,phases     ] GC(4)   Evacuate Collection Set: 10.4ms
[2024-01-02T10:28:00.202+0900][gc,phases     ] GC(4)   Post Evacuate Collection Set: 1.1ms
[2024-01-02T10:28:00.202+0900][gc,phases     ] GC(4)   Other: 0.3ms
[2024-01-02T10:28:00.202+0900][gc,heap       ] GC(4) Eden regions: 19->0(49)
[2024-01-02T10:28:00.202+0900][gc,heap       ] GC(4) Survivor regions: 6->2(7)
[2024-01-02T10:28:00.202+0900][gc,heap       ] GC(4) Old regions: 9->14
[2024-01-02T10:28:00.202+0900][gc,heap       ] GC(4) Humongous regions: 129->129
[2024-01-02T10:28:00.202+0900][gc,metaspace  ] GC(4) Metaspace: 34160K(35840K)->34160K(35840K) NonClass: 29907K(30720K)->29907K(30720K) Class: 4252K(5120K)->4252K(5120K)
[2024-01-02T10:28:00.202+0900][gc            ] GC(4) Pause Young (Concurrent Start) (Metadata GC Threshold) 160M->142M(1024M) 12.060ms
[2024-01-02T10:28:00.202+0900][gc,cpu        ] GC(4) User=0.07s Sys=0.01s Real=0.01s
[2024-01-02T10:28:00.202+0900][gc            ] GC(5) Concurrent Cycle
[2024-01-02T10:28:00.202+0900][gc,marking    ] GC(5) Concurrent Clear Claimed Marks
[2024-01-02T10:28:00.202+0900][gc,marking    ] GC(5) Concurrent Clear Claimed Marks 0.146ms
[2024-01-02T10:28:00.202+0900][gc,marking    ] GC(5) Concurrent Scan Root Regions
[2024-01-02T10:28:00.203+0900][gc,marking    ] GC(5) Concurrent Scan Root Regions 1.459ms
[2024-01-02T10:28:00.203+0900][gc,marking    ] GC(5) Concurrent Mark (14.760s)
[2024-01-02T10:28:00.203+0900][gc,marking    ] GC(5) Concurrent Mark From Roots
[2024-01-02T10:28:00.203+0900][gc,task       ] GC(5) Using 2 workers of 2 for marking
[2024-01-02T10:28:00.217+0900][gc,marking    ] GC(5) Concurrent Mark From Roots 13.928ms
[2024-01-02T10:28:00.217+0900][gc,marking    ] GC(5) Concurrent Preclean
[2024-01-02T10:28:00.218+0900][gc,marking    ] GC(5) Concurrent Preclean 0.392ms
[2024-01-02T10:28:00.218+0900][gc,marking    ] GC(5) Concurrent Mark (14.760s, 14.775s) 14.483ms
[2024-01-02T10:28:00.218+0900][gc,start      ] GC(5) Pause Remark
[2024-01-02T10:28:00.221+0900][gc,stringtable] GC(5) Cleaned string and symbol table, strings: 10768 processed, 7 removed, symbols: 79439 processed, 21 removed
[2024-01-02T10:28:00.222+0900][gc            ] GC(5) Pause Remark 142M->142M(1024M) 3.594ms
[2024-01-02T10:28:00.222+0900][gc,cpu        ] GC(5) User=0.01s Sys=0.00s Real=0.00s
[2024-01-02T10:28:00.222+0900][gc,marking    ] GC(5) Concurrent Rebuild Remembered Sets
[2024-01-02T10:28:00.230+0900][gc,marking    ] GC(5) Concurrent Rebuild Remembered Sets 7.548ms
[2024-01-02T10:28:00.230+0900][gc,start      ] GC(5) Pause Cleanup
[2024-01-02T10:28:00.230+0900][gc            ] GC(5) Pause Cleanup 143M->143M(1024M) 0.414ms
[2024-01-02T10:28:00.231+0900][gc,cpu        ] GC(5) User=0.00s Sys=0.00s Real=0.00s
[2024-01-02T10:28:00.231+0900][gc,marking    ] GC(5) Concurrent Cleanup for Next Mark
[2024-01-02T10:28:00.237+0900][gc,marking    ] GC(5) Concurrent Cleanup for Next Mark 5.990ms
[2024-01-02T10:28:00.237+0900][gc            ] GC(5) Concurrent Cycle 34.990ms
[2024-01-02T10:28:03.903+0900][gc,start      ] GC(6) Pause Young (Normal) (G1 Evacuation Pause)
[2024-01-02T10:28:03.903+0900][gc,task       ] GC(6) Using 8 workers of 8 for evacuation
[2024-01-02T10:28:03.906+0900][gc,phases     ] GC(6)   Pre Evacuate Collection Set: 0.0ms
[2024-01-02T10:28:03.906+0900][gc,phases     ] GC(6)   Evacuate Collection Set: 2.3ms
[2024-01-02T10:28:03.906+0900][gc,phases     ] GC(6)   Post Evacuate Collection Set: 1.0ms
[2024-01-02T10:28:03.906+0900][gc,phases     ] GC(6)   Other: 0.2ms
[2024-01-02T10:28:03.906+0900][gc,heap       ] GC(6) Eden regions: 49->0(49)
[2024-01-02T10:28:03.906+0900][gc,heap       ] GC(6) Survivor regions: 2->2(7)
[2024-01-02T10:28:03.906+0900][gc,heap       ] GC(6) Old regions: 14->14
[2024-01-02T10:28:03.906+0900][gc,heap       ] GC(6) Humongous regions: 129->129
[2024-01-02T10:28:03.906+0900][gc,metaspace  ] GC(6) Metaspace: 35793K(38016K)->35793K(38016K) NonClass: 31292K(32512K)->31292K(32512K) Class: 4501K(5504K)->4501K(5504K)
[2024-01-02T10:28:03.907+0900][gc            ] GC(6) Pause Young (Normal) (G1 Evacuation Pause) 191M->142M(1024M) 3.639ms
[2024-01-02T10:28:03.907+0900][gc,cpu        ] GC(6) User=0.01s Sys=0.00s Real=0.01s
[2024-01-02T10:28:57.792+0900][gc,heap,exit  ] Heap
[2024-01-02T10:28:57.792+0900][gc,heap,exit  ]  garbage-first heap   total 1048576K, used 186942K [0x00000000c0000000, 0x0000000100000000)
[2024-01-02T10:28:57.792+0900][gc,heap,exit  ]   region size 1024K, 43 young (44032K), 2 survivors (2048K)
[2024-01-02T10:28:57.792+0900][gc,heap,exit  ]  Metaspace       used 38951K, capacity 41472K, committed 41856K, reserved 1085440K
[2024-01-02T10:28:57.792+0900][gc,heap,exit  ]   class space    used 5173K, capacity 6412K, committed 6528K, reserved 1048576K
