[2023-12-29T14:17:06.536+0900][gc,heap] Heap region size: 1M
[2023-12-29T14:17:06.545+0900][gc     ] Using G1
[2023-12-29T14:17:06.545+0900][gc,heap,coops] Heap address: 0x00000000c0000000, size: 1024 MB, Compressed Oops mode: 32-bit
[2023-12-29T14:17:06.545+0900][gc,cds       ] Mark closed archive regions in map: [0x00000000fff00000, 0x00000000fff6bff8]
[2023-12-29T14:17:06.545+0900][gc,cds       ] Mark open archive regions in map: [0x00000000ffe00000, 0x00000000ffe47ff8]
[2023-12-29T14:17:07.532+0900][gc,start     ] GC(0) Pause Young (Normal) (G1 Evacuation Pause)
[2023-12-29T14:17:07.533+0900][gc,task      ] GC(0) Using 8 workers of 8 for evacuation
[2023-12-29T14:17:07.544+0900][gc,phases    ] GC(0)   Pre Evacuate Collection Set: 0.0ms
[2023-12-29T14:17:07.544+0900][gc,phases    ] GC(0)   Evacuate Collection Set: 10.2ms
[2023-12-29T14:17:07.544+0900][gc,phases    ] GC(0)   Post Evacuate Collection Set: 0.8ms
[2023-12-29T14:17:07.544+0900][gc,phases    ] GC(0)   Other: 1.3ms
[2023-12-29T14:17:07.544+0900][gc,heap      ] GC(0) Eden regions: 51->0(44)
[2023-12-29T14:17:07.544+0900][gc,heap      ] GC(0) Survivor regions: 0->7(7)
[2023-12-29T14:17:07.544+0900][gc,heap      ] GC(0) Old regions: 2->2
[2023-12-29T14:17:07.544+0900][gc,heap      ] GC(0) Humongous regions: 0->0
[2023-12-29T14:17:07.544+0900][gc,metaspace ] GC(0) Metaspace: 15981K(16512K)->15981K(16512K) NonClass: 14036K(14336K)->14036K(14336K) Class: 1944K(2176K)->1944K(2176K)
[2023-12-29T14:17:07.544+0900][gc           ] GC(0) Pause Young (Normal) (G1 Evacuation Pause) 51M->7M(1024M) 12.443ms
[2023-12-29T14:17:07.544+0900][gc,cpu       ] GC(0) User=0.07s Sys=0.00s Real=0.01s
[2023-12-29T14:17:07.792+0900][gc,start     ] GC(1) Pause Young (Concurrent Start) (Metadata GC Threshold)
[2023-12-29T14:17:07.792+0900][gc,task      ] GC(1) Using 8 workers of 8 for evacuation
[2023-12-29T14:17:07.803+0900][gc,phases    ] GC(1)   Pre Evacuate Collection Set: 0.0ms
[2023-12-29T14:17:07.803+0900][gc,phases    ] GC(1)   Evacuate Collection Set: 9.6ms
[2023-12-29T14:17:07.803+0900][gc,phases    ] GC(1)   Post Evacuate Collection Set: 0.9ms
[2023-12-29T14:17:07.803+0900][gc,phases    ] GC(1)   Other: 0.2ms
[2023-12-29T14:17:07.803+0900][gc,heap      ] GC(1) Eden regions: 20->0(50)
[2023-12-29T14:17:07.803+0900][gc,heap      ] GC(1) Survivor regions: 7->1(7)
[2023-12-29T14:17:07.803+0900][gc,heap      ] GC(1) Old regions: 2->9
[2023-12-29T14:17:07.803+0900][gc,heap      ] GC(1) Humongous regions: 0->0
[2023-12-29T14:17:07.803+0900][gc,metaspace ] GC(1) Metaspace: 20525K(21248K)->20525K(21248K) NonClass: 18003K(18432K)->18003K(18432K) Class: 2522K(2816K)->2522K(2816K)
[2023-12-29T14:17:07.803+0900][gc           ] GC(1) Pause Young (Concurrent Start) (Metadata GC Threshold) 27M->7M(1024M) 10.890ms
[2023-12-29T14:17:07.803+0900][gc,cpu       ] GC(1) User=0.05s Sys=0.00s Real=0.01s
[2023-12-29T14:17:07.803+0900][gc           ] GC(2) Concurrent Cycle
[2023-12-29T14:17:07.803+0900][gc,marking   ] GC(2) Concurrent Clear Claimed Marks
[2023-12-29T14:17:07.803+0900][gc,marking   ] GC(2) Concurrent Clear Claimed Marks 0.051ms
[2023-12-29T14:17:07.803+0900][gc,marking   ] GC(2) Concurrent Scan Root Regions
[2023-12-29T14:17:07.804+0900][gc,marking   ] GC(2) Concurrent Scan Root Regions 0.967ms
[2023-12-29T14:17:07.804+0900][gc,marking   ] GC(2) Concurrent Mark (1.271s)
[2023-12-29T14:17:07.804+0900][gc,marking   ] GC(2) Concurrent Mark From Roots
[2023-12-29T14:17:07.805+0900][gc,task      ] GC(2) Using 2 workers of 2 for marking
[2023-12-29T14:17:07.813+0900][gc,marking   ] GC(2) Concurrent Mark From Roots 8.225ms
[2023-12-29T14:17:07.813+0900][gc,marking   ] GC(2) Concurrent Preclean
[2023-12-29T14:17:07.813+0900][gc,marking   ] GC(2) Concurrent Preclean 0.180ms
[2023-12-29T14:17:07.813+0900][gc,marking   ] GC(2) Concurrent Mark (1.271s, 1.279s) 8.468ms
[2023-12-29T14:17:07.840+0900][gc,start     ] GC(2) Pause Remark
[2023-12-29T14:17:07.842+0900][gc,stringtable] GC(2) Cleaned string and symbol table, strings: 5406 processed, 0 removed, symbols: 50491 processed, 45 removed
[2023-12-29T14:17:07.842+0900][gc            ] GC(2) Pause Remark 137M->137M(1024M) 2.025ms
[2023-12-29T14:17:07.842+0900][gc,cpu        ] GC(2) User=0.01s Sys=0.01s Real=0.00s
[2023-12-29T14:17:07.842+0900][gc,marking    ] GC(2) Concurrent Rebuild Remembered Sets
[2023-12-29T14:17:07.845+0900][gc,marking    ] GC(2) Concurrent Rebuild Remembered Sets 2.857ms
[2023-12-29T14:17:07.846+0900][gc,start      ] GC(2) Pause Cleanup
[2023-12-29T14:17:07.846+0900][gc            ] GC(2) Pause Cleanup 137M->137M(1024M) 0.293ms
[2023-12-29T14:17:07.846+0900][gc,cpu        ] GC(2) User=0.00s Sys=0.00s Real=0.00s
[2023-12-29T14:17:07.846+0900][gc,marking    ] GC(2) Concurrent Cleanup for Next Mark
[2023-12-29T14:17:07.860+0900][gc,marking    ] GC(2) Concurrent Cleanup for Next Mark 13.235ms
[2023-12-29T14:17:07.860+0900][gc            ] GC(2) Concurrent Cycle 56.196ms
[2023-12-29T14:17:08.440+0900][gc,start      ] GC(3) Pause Young (Normal) (G1 Evacuation Pause)
[2023-12-29T14:17:08.440+0900][gc,task       ] GC(3) Using 8 workers of 8 for evacuation
[2023-12-29T14:17:08.447+0900][gc,phases     ] GC(3)   Pre Evacuate Collection Set: 0.0ms
[2023-12-29T14:17:08.447+0900][gc,phases     ] GC(3)   Evacuate Collection Set: 5.4ms
[2023-12-29T14:17:08.447+0900][gc,phases     ] GC(3)   Post Evacuate Collection Set: 0.8ms
[2023-12-29T14:17:08.447+0900][gc,phases     ] GC(3)   Other: 0.2ms
[2023-12-29T14:17:08.447+0900][gc,heap       ] GC(3) Eden regions: 50->0(45)
[2023-12-29T14:17:08.447+0900][gc,heap       ] GC(3) Survivor regions: 1->6(7)
[2023-12-29T14:17:08.447+0900][gc,heap       ] GC(3) Old regions: 9->9
[2023-12-29T14:17:08.447+0900][gc,heap       ] GC(3) Humongous regions: 129->129
[2023-12-29T14:17:08.447+0900][gc,metaspace  ] GC(3) Metaspace: 30077K(31616K)->30077K(31616K) NonClass: 26499K(27392K)->26499K(27392K) Class: 3577K(4224K)->3577K(4224K)
[2023-12-29T14:17:08.447+0900][gc            ] GC(3) Pause Young (Normal) (G1 Evacuation Pause) 186M->141M(1024M) 6.568ms
[2023-12-29T14:17:08.447+0900][gc,cpu        ] GC(3) User=0.03s Sys=0.00s Real=0.00s
[2023-12-29T14:18:24.716+0900][gc,start      ] GC(4) Pause Young (Concurrent Start) (Metadata GC Threshold)
[2023-12-29T14:18:24.716+0900][gc,task       ] GC(4) Using 8 workers of 8 for evacuation
[2023-12-29T14:18:24.726+0900][gc,phases     ] GC(4)   Pre Evacuate Collection Set: 0.1ms
[2023-12-29T14:18:24.726+0900][gc,phases     ] GC(4)   Evacuate Collection Set: 8.9ms
[2023-12-29T14:18:24.726+0900][gc,phases     ] GC(4)   Post Evacuate Collection Set: 0.9ms
[2023-12-29T14:18:24.726+0900][gc,phases     ] GC(4)   Other: 0.3ms
[2023-12-29T14:18:24.726+0900][gc,heap       ] GC(4) Eden regions: 20->0(49)
[2023-12-29T14:18:24.726+0900][gc,heap       ] GC(4) Survivor regions: 6->2(7)
[2023-12-29T14:18:24.726+0900][gc,heap       ] GC(4) Old regions: 9->14
[2023-12-29T14:18:24.726+0900][gc,heap       ] GC(4) Humongous regions: 129->129
[2023-12-29T14:18:24.726+0900][gc,metaspace  ] GC(4) Metaspace: 34135K(35840K)->34135K(35840K) NonClass: 29901K(30720K)->29901K(30720K) Class: 4234K(5120K)->4234K(5120K)
[2023-12-29T14:18:24.726+0900][gc            ] GC(4) Pause Young (Concurrent Start) (Metadata GC Threshold) 160M->142M(1024M) 10.348ms
[2023-12-29T14:18:24.726+0900][gc,cpu        ] GC(4) User=0.05s Sys=0.02s Real=0.01s
[2023-12-29T14:18:24.726+0900][gc            ] GC(5) Concurrent Cycle
[2023-12-29T14:18:24.726+0900][gc,marking    ] GC(5) Concurrent Clear Claimed Marks
[2023-12-29T14:18:24.726+0900][gc,marking    ] GC(5) Concurrent Clear Claimed Marks 0.155ms
[2023-12-29T14:18:24.726+0900][gc,marking    ] GC(5) Concurrent Scan Root Regions
[2023-12-29T14:18:24.728+0900][gc,marking    ] GC(5) Concurrent Scan Root Regions 1.329ms
[2023-12-29T14:18:24.728+0900][gc,marking    ] GC(5) Concurrent Mark (78.194s)
[2023-12-29T14:18:24.728+0900][gc,marking    ] GC(5) Concurrent Mark From Roots
[2023-12-29T14:18:24.728+0900][gc,task       ] GC(5) Using 2 workers of 2 for marking
[2023-12-29T14:18:24.740+0900][gc,marking    ] GC(5) Concurrent Mark From Roots 12.330ms
[2023-12-29T14:18:24.740+0900][gc,marking    ] GC(5) Concurrent Preclean
[2023-12-29T14:18:24.740+0900][gc,marking    ] GC(5) Concurrent Preclean 0.230ms
[2023-12-29T14:18:24.741+0900][gc,marking    ] GC(5) Concurrent Mark (78.194s, 78.207s) 12.685ms
[2023-12-29T14:18:24.741+0900][gc,start      ] GC(5) Pause Remark
[2023-12-29T14:18:24.744+0900][gc,stringtable] GC(5) Cleaned string and symbol table, strings: 10743 processed, 7 removed, symbols: 79366 processed, 22 removed
[2023-12-29T14:18:24.744+0900][gc            ] GC(5) Pause Remark 143M->143M(1024M) 3.251ms
[2023-12-29T14:18:24.744+0900][gc,cpu        ] GC(5) User=0.02s Sys=0.00s Real=0.00s
[2023-12-29T14:18:24.744+0900][gc,marking    ] GC(5) Concurrent Rebuild Remembered Sets
[2023-12-29T14:18:24.753+0900][gc,marking    ] GC(5) Concurrent Rebuild Remembered Sets 8.948ms
[2023-12-29T14:18:24.754+0900][gc,start      ] GC(5) Pause Cleanup
[2023-12-29T14:18:24.754+0900][gc            ] GC(5) Pause Cleanup 143M->143M(1024M) 0.372ms
[2023-12-29T14:18:24.754+0900][gc,cpu        ] GC(5) User=0.00s Sys=0.00s Real=0.00s
[2023-12-29T14:18:24.754+0900][gc,marking    ] GC(5) Concurrent Cleanup for Next Mark
[2023-12-29T14:18:24.760+0900][gc,marking    ] GC(5) Concurrent Cleanup for Next Mark 5.866ms
[2023-12-29T14:18:24.760+0900][gc            ] GC(5) Concurrent Cycle 34.214ms
[2023-12-29T14:22:13.483+0900][gc,start      ] GC(6) Pause Young (Normal) (G1 Evacuation Pause)
[2023-12-29T14:22:13.483+0900][gc,task       ] GC(6) Using 8 workers of 8 for evacuation
[2023-12-29T14:22:13.492+0900][gc,phases     ] GC(6)   Pre Evacuate Collection Set: 0.5ms
[2023-12-29T14:22:13.492+0900][gc,phases     ] GC(6)   Evacuate Collection Set: 6.4ms
[2023-12-29T14:22:13.492+0900][gc,phases     ] GC(6)   Post Evacuate Collection Set: 1.2ms
[2023-12-29T14:22:13.492+0900][gc,phases     ] GC(6)   Other: 0.9ms
[2023-12-29T14:22:13.492+0900][gc,heap       ] GC(6) Eden regions: 49->0(47)
[2023-12-29T14:22:13.492+0900][gc,heap       ] GC(6) Survivor regions: 2->4(7)
[2023-12-29T14:22:13.492+0900][gc,heap       ] GC(6) Old regions: 14->14
[2023-12-29T14:22:13.492+0900][gc,heap       ] GC(6) Humongous regions: 129->129
[2023-12-29T14:22:13.492+0900][gc,metaspace  ] GC(6) Metaspace: 38481K(40960K)->38481K(40960K) NonClass: 33547K(34816K)->33547K(34816K) Class: 4934K(6144K)->4934K(6144K)
[2023-12-29T14:22:13.492+0900][gc            ] GC(6) Pause Young (Normal) (G1 Evacuation Pause) 191M->144M(1024M) 9.197ms
[2023-12-29T14:22:13.492+0900][gc,cpu        ] GC(6) User=0.06s Sys=0.00s Real=0.01s
[2023-12-29T14:30:14.006+0900][gc,heap,exit  ] Heap
[2023-12-29T14:30:14.006+0900][gc,heap,exit  ]  garbage-first heap   total 1048576K, used 191273K [0x00000000c0000000, 0x0000000100000000)
[2023-12-29T14:30:14.006+0900][gc,heap,exit  ]   region size 1024K, 48 young (49152K), 4 survivors (4096K)
[2023-12-29T14:30:14.006+0900][gc,heap,exit  ]  Metaspace       used 39876K, capacity 42405K, committed 42624K, reserved 1085440K
[2023-12-29T14:30:14.006+0900][gc,heap,exit  ]   class space    used 5190K, capacity 6427K, committed 6528K, reserved 1048576K
