[2024-01-02T10:24:14.047+0900][gc,heap] Heap region size: 1M
[2024-01-02T10:24:14.056+0900][gc     ] Using G1
[2024-01-02T10:24:14.056+0900][gc,heap,coops] Heap address: 0x00000000c0000000, size: 1024 MB, Compressed Oops mode: 32-bit
[2024-01-02T10:24:14.056+0900][gc,cds       ] Mark closed archive regions in map: [0x00000000fff00000, 0x00000000fff6bff8]
[2024-01-02T10:24:14.056+0900][gc,cds       ] Mark open archive regions in map: [0x00000000ffe00000, 0x00000000ffe47ff8]
[2024-01-02T10:24:15.298+0900][gc,start     ] GC(0) Pause Young (Normal) (G1 Evacuation Pause)
[2024-01-02T10:24:15.300+0900][gc,task      ] GC(0) Using 8 workers of 8 for evacuation
[2024-01-02T10:24:15.311+0900][gc,phases    ] GC(0)   Pre Evacuate Collection Set: 0.0ms
[2024-01-02T10:24:15.311+0900][gc,phases    ] GC(0)   Evacuate Collection Set: 10.4ms
[2024-01-02T10:24:15.311+0900][gc,phases    ] GC(0)   Post Evacuate Collection Set: 0.9ms
[2024-01-02T10:24:15.311+0900][gc,phases    ] GC(0)   Other: 1.6ms
[2024-01-02T10:24:15.311+0900][gc,heap      ] GC(0) Eden regions: 51->0(44)
[2024-01-02T10:24:15.311+0900][gc,heap      ] GC(0) Survivor regions: 0->7(7)
[2024-01-02T10:24:15.311+0900][gc,heap      ] GC(0) Old regions: 2->2
[2024-01-02T10:24:15.311+0900][gc,heap      ] GC(0) Humongous regions: 0->0
[2024-01-02T10:24:15.311+0900][gc,metaspace ] GC(0) Metaspace: 15977K(16512K)->15977K(16512K) NonClass: 14032K(14336K)->14032K(14336K) Class: 1944K(2176K)->1944K(2176K)
[2024-01-02T10:24:15.311+0900][gc           ] GC(0) Pause Young (Normal) (G1 Evacuation Pause) 51M->7M(1024M) 13.076ms
[2024-01-02T10:24:15.311+0900][gc,cpu       ] GC(0) User=0.08s Sys=0.01s Real=0.01s
[2024-01-02T10:24:15.613+0900][gc,start     ] GC(1) Pause Young (Concurrent Start) (Metadata GC Threshold)
[2024-01-02T10:24:15.613+0900][gc,task      ] GC(1) Using 8 workers of 8 for evacuation
[2024-01-02T10:24:15.622+0900][gc,phases    ] GC(1)   Pre Evacuate Collection Set: 0.1ms
[2024-01-02T10:24:15.622+0900][gc,phases    ] GC(1)   Evacuate Collection Set: 8.6ms
[2024-01-02T10:24:15.622+0900][gc,phases    ] GC(1)   Post Evacuate Collection Set: 0.8ms
[2024-01-02T10:24:15.622+0900][gc,phases    ] GC(1)   Other: 0.3ms
[2024-01-02T10:24:15.622+0900][gc,heap      ] GC(1) Eden regions: 20->0(50)
[2024-01-02T10:24:15.622+0900][gc,heap      ] GC(1) Survivor regions: 7->1(7)
[2024-01-02T10:24:15.622+0900][gc,heap      ] GC(1) Old regions: 2->9
[2024-01-02T10:24:15.622+0900][gc,heap      ] GC(1) Humongous regions: 0->0
[2024-01-02T10:24:15.623+0900][gc,metaspace ] GC(1) Metaspace: 20521K(21248K)->20521K(21248K) NonClass: 17998K(18432K)->17998K(18432K) Class: 2522K(2816K)->2522K(2816K)
[2024-01-02T10:24:15.623+0900][gc           ] GC(1) Pause Young (Concurrent Start) (Metadata GC Threshold) 26M->8M(1024M) 9.901ms
[2024-01-02T10:24:15.623+0900][gc,cpu       ] GC(1) User=0.03s Sys=0.03s Real=0.01s
[2024-01-02T10:24:15.623+0900][gc           ] GC(2) Concurrent Cycle
[2024-01-02T10:24:15.623+0900][gc,marking   ] GC(2) Concurrent Clear Claimed Marks
[2024-01-02T10:24:15.623+0900][gc,marking   ] GC(2) Concurrent Clear Claimed Marks 0.078ms
[2024-01-02T10:24:15.623+0900][gc,marking   ] GC(2) Concurrent Scan Root Regions
[2024-01-02T10:24:15.624+0900][gc,marking   ] GC(2) Concurrent Scan Root Regions 1.591ms
[2024-01-02T10:24:15.625+0900][gc,marking   ] GC(2) Concurrent Mark (1.580s)
[2024-01-02T10:24:15.625+0900][gc,marking   ] GC(2) Concurrent Mark From Roots
[2024-01-02T10:24:15.626+0900][gc,task      ] GC(2) Using 2 workers of 2 for marking
[2024-01-02T10:24:15.635+0900][gc,marking   ] GC(2) Concurrent Mark From Roots 10.577ms
[2024-01-02T10:24:15.635+0900][gc,marking   ] GC(2) Concurrent Preclean
[2024-01-02T10:24:15.635+0900][gc,marking   ] GC(2) Concurrent Preclean 0.245ms
[2024-01-02T10:24:15.635+0900][gc,marking   ] GC(2) Concurrent Mark (1.580s, 1.591s) 10.959ms
[2024-01-02T10:24:15.664+0900][gc,start     ] GC(2) Pause Remark
[2024-01-02T10:24:15.667+0900][gc,stringtable] GC(2) Cleaned string and symbol table, strings: 5407 processed, 0 removed, symbols: 50492 processed, 45 removed
[2024-01-02T10:24:15.668+0900][gc            ] GC(2) Pause Remark 137M->137M(1024M) 3.551ms
[2024-01-02T10:24:15.668+0900][gc,cpu        ] GC(2) User=0.01s Sys=0.00s Real=0.01s
[2024-01-02T10:24:15.668+0900][gc,marking    ] GC(2) Concurrent Rebuild Remembered Sets
[2024-01-02T10:24:15.671+0900][gc,marking    ] GC(2) Concurrent Rebuild Remembered Sets 3.151ms
[2024-01-02T10:24:15.671+0900][gc,start      ] GC(2) Pause Cleanup
[2024-01-02T10:24:15.672+0900][gc            ] GC(2) Pause Cleanup 137M->137M(1024M) 0.308ms
[2024-01-02T10:24:15.672+0900][gc,cpu        ] GC(2) User=0.00s Sys=0.00s Real=0.00s
[2024-01-02T10:24:15.672+0900][gc,marking    ] GC(2) Concurrent Cleanup for Next Mark
[2024-01-02T10:24:15.676+0900][gc,marking    ] GC(2) Concurrent Cleanup for Next Mark 3.920ms
[2024-01-02T10:24:15.676+0900][gc            ] GC(2) Concurrent Cycle 53.143ms
[2024-01-02T10:24:16.394+0900][gc,start      ] GC(3) Pause Young (Normal) (G1 Evacuation Pause)
[2024-01-02T10:24:16.394+0900][gc,task       ] GC(3) Using 8 workers of 8 for evacuation
[2024-01-02T10:24:16.401+0900][gc,phases     ] GC(3)   Pre Evacuate Collection Set: 0.0ms
[2024-01-02T10:24:16.401+0900][gc,phases     ] GC(3)   Evacuate Collection Set: 5.7ms
[2024-01-02T10:24:16.401+0900][gc,phases     ] GC(3)   Post Evacuate Collection Set: 0.9ms
[2024-01-02T10:24:16.401+0900][gc,phases     ] GC(3)   Other: 0.5ms
[2024-01-02T10:24:16.401+0900][gc,heap       ] GC(3) Eden regions: 50->0(45)
[2024-01-02T10:24:16.401+0900][gc,heap       ] GC(3) Survivor regions: 1->6(7)
[2024-01-02T10:24:16.401+0900][gc,heap       ] GC(3) Old regions: 9->9
[2024-01-02T10:24:16.401+0900][gc,heap       ] GC(3) Humongous regions: 129->129
[2024-01-02T10:24:16.402+0900][gc,metaspace  ] GC(3) Metaspace: 30021K(31232K)->30021K(31232K) NonClass: 26462K(27136K)->26462K(27136K) Class: 3558K(4096K)->3558K(4096K)
[2024-01-02T10:24:16.402+0900][gc            ] GC(3) Pause Young (Normal) (G1 Evacuation Pause) 187M->141M(1024M) 7.233ms
[2024-01-02T10:24:16.402+0900][gc,cpu        ] GC(3) User=0.05s Sys=0.00s Real=0.01s
[2024-01-02T10:24:35.314+0900][gc,start      ] GC(4) Pause Young (Concurrent Start) (Metadata GC Threshold)
[2024-01-02T10:24:35.315+0900][gc,task       ] GC(4) Using 8 workers of 8 for evacuation
[2024-01-02T10:24:35.326+0900][gc,phases     ] GC(4)   Pre Evacuate Collection Set: 0.2ms
[2024-01-02T10:24:35.326+0900][gc,phases     ] GC(4)   Evacuate Collection Set: 10.1ms
[2024-01-02T10:24:35.326+0900][gc,phases     ] GC(4)   Post Evacuate Collection Set: 0.9ms
[2024-01-02T10:24:35.326+0900][gc,phases     ] GC(4)   Other: 0.3ms
[2024-01-02T10:24:35.326+0900][gc,heap       ] GC(4) Eden regions: 20->0(49)
[2024-01-02T10:24:35.326+0900][gc,heap       ] GC(4) Survivor regions: 6->2(7)
[2024-01-02T10:24:35.326+0900][gc,heap       ] GC(4) Old regions: 9->14
[2024-01-02T10:24:35.326+0900][gc,heap       ] GC(4) Humongous regions: 129->129
[2024-01-02T10:24:35.326+0900][gc,metaspace  ] GC(4) Metaspace: 34177K(35840K)->34177K(35840K) NonClass: 29931K(30720K)->29931K(30720K) Class: 4245K(5120K)->4245K(5120K)
[2024-01-02T10:24:35.326+0900][gc            ] GC(4) Pause Young (Concurrent Start) (Metadata GC Threshold) 161M->142M(1024M) 11.682ms
[2024-01-02T10:24:35.326+0900][gc,cpu        ] GC(4) User=0.08s Sys=0.01s Real=0.02s
[2024-01-02T10:24:35.326+0900][gc            ] GC(5) Concurrent Cycle
[2024-01-02T10:24:35.326+0900][gc,marking    ] GC(5) Concurrent Clear Claimed Marks
[2024-01-02T10:24:35.326+0900][gc,marking    ] GC(5) Concurrent Clear Claimed Marks 0.162ms
[2024-01-02T10:24:35.327+0900][gc,marking    ] GC(5) Concurrent Scan Root Regions
[2024-01-02T10:24:35.328+0900][gc,marking    ] GC(5) Concurrent Scan Root Regions 1.160ms
[2024-01-02T10:24:35.328+0900][gc,marking    ] GC(5) Concurrent Mark (21.283s)
[2024-01-02T10:24:35.328+0900][gc,marking    ] GC(5) Concurrent Mark From Roots
[2024-01-02T10:24:35.328+0900][gc,task       ] GC(5) Using 2 workers of 2 for marking
[2024-01-02T10:24:35.342+0900][gc,marking    ] GC(5) Concurrent Mark From Roots 14.738ms
[2024-01-02T10:24:35.343+0900][gc,marking    ] GC(5) Concurrent Preclean
[2024-01-02T10:24:35.343+0900][gc,marking    ] GC(5) Concurrent Preclean 0.259ms
[2024-01-02T10:24:35.343+0900][gc,marking    ] GC(5) Concurrent Mark (21.283s, 21.298s) 15.127ms
[2024-01-02T10:24:35.343+0900][gc,start      ] GC(5) Pause Remark
[2024-01-02T10:24:35.346+0900][gc,stringtable] GC(5) Cleaned string and symbol table, strings: 10767 processed, 7 removed, symbols: 79436 processed, 21 removed
[2024-01-02T10:24:35.347+0900][gc            ] GC(5) Pause Remark 143M->143M(1024M) 3.476ms
[2024-01-02T10:24:35.347+0900][gc,cpu        ] GC(5) User=0.02s Sys=0.00s Real=0.01s
[2024-01-02T10:24:35.347+0900][gc,marking    ] GC(5) Concurrent Rebuild Remembered Sets
[2024-01-02T10:24:35.354+0900][gc,marking    ] GC(5) Concurrent Rebuild Remembered Sets 6.856ms
[2024-01-02T10:24:35.354+0900][gc,start      ] GC(5) Pause Cleanup
[2024-01-02T10:24:35.355+0900][gc            ] GC(5) Pause Cleanup 143M->143M(1024M) 0.391ms
[2024-01-02T10:24:35.355+0900][gc,cpu        ] GC(5) User=0.01s Sys=0.00s Real=0.00s
[2024-01-02T10:24:35.355+0900][gc,marking    ] GC(5) Concurrent Cleanup for Next Mark
[2024-01-02T10:24:35.362+0900][gc,marking    ] GC(5) Concurrent Cleanup for Next Mark 7.215ms
[2024-01-02T10:24:35.362+0900][gc            ] GC(5) Concurrent Cycle 36.021ms
[2024-01-02T10:25:09.026+0900][gc,start      ] GC(6) Pause Young (Normal) (G1 Evacuation Pause)
[2024-01-02T10:25:09.026+0900][gc,task       ] GC(6) Using 8 workers of 8 for evacuation
[2024-01-02T10:25:09.030+0900][gc,phases     ] GC(6)   Pre Evacuate Collection Set: 0.1ms
[2024-01-02T10:25:09.030+0900][gc,phases     ] GC(6)   Evacuate Collection Set: 2.7ms
[2024-01-02T10:25:09.030+0900][gc,phases     ] GC(6)   Post Evacuate Collection Set: 1.1ms
[2024-01-02T10:25:09.030+0900][gc,phases     ] GC(6)   Other: 0.2ms
[2024-01-02T10:25:09.030+0900][gc,heap       ] GC(6) Eden regions: 49->0(49)
[2024-01-02T10:25:09.030+0900][gc,heap       ] GC(6) Survivor regions: 2->2(7)
[2024-01-02T10:25:09.030+0900][gc,heap       ] GC(6) Old regions: 14->14
[2024-01-02T10:25:09.030+0900][gc,heap       ] GC(6) Humongous regions: 129->129
[2024-01-02T10:25:09.030+0900][gc,metaspace  ] GC(6) Metaspace: 36037K(38144K)->36037K(38144K) NonClass: 31468K(32512K)->31468K(32512K) Class: 4569K(5632K)->4569K(5632K)
[2024-01-02T10:25:09.030+0900][gc            ] GC(6) Pause Young (Normal) (G1 Evacuation Pause) 191M->143M(1024M) 4.184ms
[2024-01-02T10:25:09.030+0900][gc,cpu        ] GC(6) User=0.02s Sys=0.00s Real=0.00s
[2024-01-02T10:26:04.602+0900][gc,heap,exit  ] Heap
[2024-01-02T10:26:04.602+0900][gc,heap,exit  ]  garbage-first heap   total 1048576K, used 190487K [0x00000000c0000000, 0x0000000100000000)
[2024-01-02T10:26:04.602+0900][gc,heap,exit  ]   region size 1024K, 47 young (48128K), 2 survivors (2048K)
[2024-01-02T10:26:04.602+0900][gc,heap,exit  ]  Metaspace       used 38955K, capacity 41455K, committed 41600K, reserved 1085440K
[2024-01-02T10:26:04.602+0900][gc,heap,exit  ]   class space    used 5170K, capacity 6413K, committed 6528K, reserved 1048576K
