[2024-01-02T13:44:33.980+0900][gc,heap] Heap region size: 1M
[2024-01-02T13:44:33.988+0900][gc     ] Using G1
[2024-01-02T13:44:33.988+0900][gc,heap,coops] Heap address: 0x00000000e0000000, size: 512 MB, Compressed Oops mode: 32-bit
[2024-01-02T13:44:33.988+0900][gc,cds       ] Mark closed archive regions in map: [0x00000000fff00000, 0x00000000fff6bff8]
[2024-01-02T13:44:33.988+0900][gc,cds       ] Mark open archive regions in map: [0x00000000ffe00000, 0x00000000ffe47ff8]
[2024-01-02T13:44:44.868+0900][gc,start     ] GC(0) Pause Young (Normal) (G1 Evacuation Pause)
[2024-01-02T13:44:44.870+0900][gc,task      ] GC(0) Using 8 workers of 8 for evacuation
[2024-01-02T13:44:44.886+0900][gc,phases    ] GC(0)   Pre Evacuate Collection Set: 0.0ms
[2024-01-02T13:44:44.886+0900][gc,phases    ] GC(0)   Evacuate Collection Set: 14.8ms
[2024-01-02T13:44:44.886+0900][gc,phases    ] GC(0)   Post Evacuate Collection Set: 0.7ms
[2024-01-02T13:44:44.886+0900][gc,phases    ] GC(0)   Other: 1.9ms
[2024-01-02T13:44:44.886+0900][gc,heap      ] GC(0) Eden regions: 25->0(21)
[2024-01-02T13:44:44.886+0900][gc,heap      ] GC(0) Survivor regions: 0->4(4)
[2024-01-02T13:44:44.886+0900][gc,heap      ] GC(0) Old regions: 2->4
[2024-01-02T13:44:44.886+0900][gc,heap      ] GC(0) Humongous regions: 0->0
[2024-01-02T13:44:44.886+0900][gc,metaspace ] GC(0) Metaspace: 7822K(8448K)->7822K(8448K) NonClass: 6937K(7424K)->6937K(7424K) Class: 885K(1024K)->885K(1024K)
[2024-01-02T13:44:44.886+0900][gc           ] GC(0) Pause Young (Normal) (G1 Evacuation Pause) 25M->6M(512M) 17.486ms
[2024-01-02T13:44:44.886+0900][gc,cpu       ] GC(0) User=0.09s Sys=0.02s Real=0.02s
[2024-01-02T14:03:51.142+0900][gc,heap,exit ] Heap
[2024-01-02T14:03:51.142+0900][gc,heap,exit ]  garbage-first heap   total 524288K, used 14405K [0x00000000e0000000, 0x0000000100000000)
[2024-01-02T14:03:51.142+0900][gc,heap,exit ]   region size 1024K, 13 young (13312K), 4 survivors (4096K)
[2024-01-02T14:03:51.142+0900][gc,heap,exit ]  Metaspace       used 8486K, capacity 8833K, committed 8960K, reserved 1056768K
[2024-01-02T14:03:51.142+0900][gc,heap,exit ]   class space    used 902K, capacity 1014K, committed 1024K, reserved 1048576K
