[2024-01-02T13:28:18.252+0900][gc,heap] Heap region size: 1M
[2024-01-02T13:28:18.259+0900][gc     ] Using G1
[2024-01-02T13:28:18.259+0900][gc,heap,coops] Heap address: 0x00000000e0000000, size: 512 MB, Compressed Oops mode: 32-bit
[2024-01-02T13:28:18.260+0900][gc,cds       ] Mark closed archive regions in map: [0x00000000fff00000, 0x00000000fff6bff8]
[2024-01-02T13:28:18.260+0900][gc,cds       ] Mark open archive regions in map: [0x00000000ffe00000, 0x00000000ffe47ff8]
[2024-01-02T13:28:27.511+0900][gc,start     ] GC(0) Pause Young (Normal) (G1 Evacuation Pause)
[2024-01-02T13:28:27.513+0900][gc,task      ] GC(0) Using 8 workers of 8 for evacuation
[2024-01-02T13:28:27.527+0900][gc,phases    ] GC(0)   Pre Evacuate Collection Set: 0.0ms
[2024-01-02T13:28:27.528+0900][gc,phases    ] GC(0)   Evacuate Collection Set: 13.2ms
[2024-01-02T13:28:27.528+0900][gc,phases    ] GC(0)   Post Evacuate Collection Set: 1.0ms
[2024-01-02T13:28:27.528+0900][gc,phases    ] GC(0)   Other: 1.9ms
[2024-01-02T13:28:27.528+0900][gc,heap      ] GC(0) Eden regions: 25->0(21)
[2024-01-02T13:28:27.528+0900][gc,heap      ] GC(0) Survivor regions: 0->4(4)
[2024-01-02T13:28:27.528+0900][gc,heap      ] GC(0) Old regions: 2->4
[2024-01-02T13:28:27.528+0900][gc,heap      ] GC(0) Humongous regions: 0->0
[2024-01-02T13:28:27.528+0900][gc,metaspace ] GC(0) Metaspace: 7811K(8448K)->7811K(8448K) NonClass: 6926K(7424K)->6926K(7424K) Class: 885K(1024K)->885K(1024K)
[2024-01-02T13:28:27.528+0900][gc           ] GC(0) Pause Young (Normal) (G1 Evacuation Pause) 25M->6M(512M) 16.405ms
[2024-01-02T13:28:27.528+0900][gc,cpu       ] GC(0) User=0.09s Sys=0.02s Real=0.01s
[2024-01-02T13:44:02.330+0900][gc,heap,exit ] Heap
[2024-01-02T13:44:02.330+0900][gc,heap,exit ]  garbage-first heap   total 524288K, used 13326K [0x00000000e0000000, 0x0000000100000000)
[2024-01-02T13:44:02.330+0900][gc,heap,exit ]   region size 1024K, 12 young (12288K), 4 survivors (4096K)
[2024-01-02T13:44:02.330+0900][gc,heap,exit ]  Metaspace       used 8474K, capacity 8781K, committed 8960K, reserved 1056768K
[2024-01-02T13:44:02.330+0900][gc,heap,exit ]   class space    used 902K, capacity 1014K, committed 1024K, reserved 1048576K
