[2024-01-02T12:32:47.996+0900][gc,heap] Heap region size: 1M
[2024-01-02T12:32:48.002+0900][gc     ] Using G1
[2024-01-02T12:32:48.002+0900][gc,heap,coops] Heap address: 0x00000000e0000000, size: 512 MB, Compressed Oops mode: 32-bit
[2024-01-02T12:32:48.002+0900][gc,cds       ] Mark closed archive regions in map: [0x00000000fff00000, 0x00000000fff6bff8]
[2024-01-02T12:32:48.003+0900][gc,cds       ] Mark open archive regions in map: [0x00000000ffe00000, 0x00000000ffe47ff8]
[2024-01-02T12:33:03.936+0900][gc,start     ] GC(0) Pause Young (Normal) (G1 Evacuation Pause)
[2024-01-02T12:33:03.937+0900][gc,task      ] GC(0) Using 8 workers of 8 for evacuation
[2024-01-02T12:33:03.952+0900][gc,phases    ] GC(0)   Pre Evacuate Collection Set: 0.0ms
[2024-01-02T12:33:03.952+0900][gc,phases    ] GC(0)   Evacuate Collection Set: 13.8ms
[2024-01-02T12:33:03.952+0900][gc,phases    ] GC(0)   Post Evacuate Collection Set: 0.6ms
[2024-01-02T12:33:03.952+0900][gc,phases    ] GC(0)   Other: 1.3ms
[2024-01-02T12:33:03.952+0900][gc,heap      ] GC(0) Eden regions: 25->0(21)
[2024-01-02T12:33:03.952+0900][gc,heap      ] GC(0) Survivor regions: 0->4(4)
[2024-01-02T12:33:03.952+0900][gc,heap      ] GC(0) Old regions: 2->4
[2024-01-02T12:33:03.952+0900][gc,heap      ] GC(0) Humongous regions: 0->0
[2024-01-02T12:33:03.952+0900][gc,metaspace ] GC(0) Metaspace: 7830K(8448K)->7830K(8448K) NonClass: 6945K(7424K)->6945K(7424K) Class: 885K(1024K)->885K(1024K)
[2024-01-02T12:33:03.952+0900][gc           ] GC(0) Pause Young (Normal) (G1 Evacuation Pause) 25M->6M(512M) 15.882ms
[2024-01-02T12:33:03.952+0900][gc,cpu       ] GC(0) User=0.04s Sys=0.06s Real=0.02s
[2024-01-02T12:36:20.827+0900][gc,heap,exit ] Heap
[2024-01-02T12:36:20.827+0900][gc,heap,exit ]  garbage-first heap   total 524288K, used 12329K [0x00000000e0000000, 0x0000000100000000)
[2024-01-02T12:36:20.827+0900][gc,heap,exit ]   region size 1024K, 11 young (11264K), 4 survivors (4096K)
[2024-01-02T12:36:20.827+0900][gc,heap,exit ]  Metaspace       used 8341K, capacity 8649K, committed 8960K, reserved 1056768K
[2024-01-02T12:36:20.827+0900][gc,heap,exit ]   class space    used 902K, capacity 1014K, committed 1024K, reserved 1048576K
