[2023-12-29T14:16:46.545+0900][gc,heap] Heap region size: 1M
[2023-12-29T14:16:46.551+0900][gc     ] Using G1
[2023-12-29T14:16:46.551+0900][gc,heap,coops] Heap address: 0x00000000e0000000, size: 512 MB, Compressed Oops mode: 32-bit
[2023-12-29T14:16:46.551+0900][gc,cds       ] Mark closed archive regions in map: [0x00000000fff00000, 0x00000000fff6bff8]
[2023-12-29T14:16:46.551+0900][gc,cds       ] Mark open archive regions in map: [0x00000000ffe00000, 0x00000000ffe47ff8]
[2023-12-29T14:17:07.389+0900][gc,start     ] GC(0) Pause Young (Normal) (G1 Evacuation Pause)
[2023-12-29T14:17:07.391+0900][gc,task      ] GC(0) Using 8 workers of 8 for evacuation
[2023-12-29T14:17:07.404+0900][gc,phases    ] GC(0)   Pre Evacuate Collection Set: 0.0ms
[2023-12-29T14:17:07.404+0900][gc,phases    ] GC(0)   Evacuate Collection Set: 12.3ms
[2023-12-29T14:17:07.404+0900][gc,phases    ] GC(0)   Post Evacuate Collection Set: 0.8ms
[2023-12-29T14:17:07.404+0900][gc,phases    ] GC(0)   Other: 1.6ms
[2023-12-29T14:17:07.404+0900][gc,heap      ] GC(0) Eden regions: 25->0(21)
[2023-12-29T14:17:07.404+0900][gc,heap      ] GC(0) Survivor regions: 0->4(4)
[2023-12-29T14:17:07.404+0900][gc,heap      ] GC(0) Old regions: 2->4
[2023-12-29T14:17:07.404+0900][gc,heap      ] GC(0) Humongous regions: 0->0
[2023-12-29T14:17:07.404+0900][gc,metaspace ] GC(0) Metaspace: 7830K(8448K)->7830K(8448K) NonClass: 6945K(7424K)->6945K(7424K) Class: 885K(1024K)->885K(1024K)
[2023-12-29T14:17:07.404+0900][gc           ] GC(0) Pause Young (Normal) (G1 Evacuation Pause) 25M->5M(512M) 14.823ms
[2023-12-29T14:17:07.404+0900][gc,cpu       ] GC(0) User=0.10s Sys=0.01s Real=0.01s
[2023-12-29T14:30:09.911+0900][gc,heap,exit ] Heap
[2023-12-29T14:30:09.911+0900][gc,heap,exit ]  garbage-first heap   total 524288K, used 13293K [0x00000000e0000000, 0x0000000100000000)
[2023-12-29T14:30:09.911+0900][gc,heap,exit ]   region size 1024K, 12 young (12288K), 4 survivors (4096K)
[2023-12-29T14:30:09.911+0900][gc,heap,exit ]  Metaspace       used 8492K, capacity 8829K, committed 8960K, reserved 1056768K
[2023-12-29T14:30:09.911+0900][gc,heap,exit ]   class space    used 902K, capacity 1014K, committed 1024K, reserved 1048576K
